../Core/Src/main.c:392:1:__io_putchar	16	static
../Core/Src/main.c:400:6:HAL_GPIO_EXTI_Callback	16	static
../Core/Src/main.c:410:6:HAL_TIM_IC_CaptureCallback	24	static
../Core/Src/main.c:493:6:pid_equation	56	static
../Core/Src/main.c:527:6:reset_pid	4	static
../Core/Src/main.c:560:6:actuator_emergency_stop_latch	8	static,ignoring_inline_asm
../Core/Src/main.c:624:5:main	32	static
../Core/Src/main.c:767:6:SystemClock_Config	88	static
../Core/Src/main.c:814:13:MX_I2C1_Init	8	static
../Core/Src/main.c:848:13:MX_TIM2_Init	64	static
../Core/Src/main.c:915:13:MX_TIM3_Init	64	static
../Core/Src/main.c:986:13:MX_TIM4_Init	48	static
../Core/Src/main.c:1044:13:MX_TIM9_Init	24	static
../Core/Src/main.c:1082:13:MX_TIM10_Init	8	static
../Core/Src/main.c:1113:13:MX_USART1_UART_Init	8	static
../Core/Src/main.c:1146:13:MX_USART2_UART_Init	8	static
../Core/Src/main.c:1179:13:MX_USART6_UART_Init	8	static
../Core/Src/main.c:1212:13:MX_GPIO_Init	40	static
../Core/Src/main.c:1270:6:arm_disarm	32	static,ignoring_inline_asm
../Core/Src/main.c:1347:6:mode_handler	32	static,ignoring_inline_asm
../Core/Src/main.c:1427:6:debounce_task	16	static
../Core/Src/main.c:1448:6:quad_mode	56	static
../Core/Src/main.c:1816:6:telemetry_task	48	static
../Core/Src/main.c:1874:6:fw_mode	48	static
../Core/Src/main.c:1997:6:vtol_task	16	static
../Core/Src/main.c:2016:6:HAL_TIM_PeriodElapsedCallback	16	static
../Core/Src/main.c:2038:6:Error_Handler	4	static,ignoring_inline_asm
