Archive member included to satisfy reference by file (symbol)

D:/Work/STM32CubeIDE_2.1.1/STM32CubeIDE/plugins/com.st.stm32cube.ide.mcu.externaltools.gnu-tools-for-stm32.14.3.rel1.win32_1.0.100.202602081740/tools/bin/../lib/gcc/arm-none-eabi/14.3.1/../../../../arm-none-eabi/lib/thumb/v7e-m+fp/hard\libc_nano.a(libc_a-exit.o)
                              D:/Work/STM32CubeIDE_2.1.1/STM32CubeIDE/plugins/com.st.stm32cube.ide.mcu.externaltools.gnu-tools-for-stm32.14.3.rel1.win32_1.0.100.202602081740/tools/bin/../lib/gcc/arm-none-eabi/14.3.1/../../../../arm-none-eabi/lib/thumb/v7e-m+fp/hard/crt0.o (exit)
D:/Work/STM32CubeIDE_2.1.1/STM32CubeIDE/plugins/com.st.stm32cube.ide.mcu.externaltools.gnu-tools-for-stm32.14.3.rel1.win32_1.0.100.202602081740/tools/bin/../lib/gcc/arm-none-eabi/14.3.1/../../../../arm-none-eabi/lib/thumb/v7e-m+fp/hard\libc_nano.a(libc_a-nano-vfprintf_float.o)
                              (_printf_float)
D:/Work/STM32CubeIDE_2.1.1/STM32CubeIDE/plugins/com.st.stm32cube.ide.mcu.externaltools.gnu-tools-for-stm32.14.3.rel1.win32_1.0.100.202602081740/tools/bin/../lib/gcc/arm-none-eabi/14.3.1/../../../../arm-none-eabi/lib/thumb/v7e-m+fp/hard\libc_nano.a(libc_a-nano-vfprintf_i.o)
                              D:/Work/STM32CubeIDE_2.1.1/STM32CubeIDE/plugins/com.st.stm32cube.ide.mcu.externaltools.gnu-tools-for-stm32.14.3.rel1.win32_1.0.100.202602081740/tools/bin/../lib/gcc/arm-none-eabi/14.3.1/../../../../arm-none-eabi/lib/thumb/v7e-m+fp/hard\libc_nano.a(libc_a-nano-vfprintf_float.o) (_printf_common)
D:/Work/STM32CubeIDE_2.1.1/STM32CubeIDE/plugins/com.st.stm32cube.ide.mcu.externaltools.gnu-tools-for-stm32.14.3.rel1.win32_1.0.100.202602081740/tools/bin/../lib/gcc/arm-none-eabi/14.3.1/../../../../arm-none-eabi/lib/thumb/v7e-m+fp/hard\libc_nano.a(libc_a-nano-vfscanf_float.o)
                              (_scanf_float)
D:/Work/STM32CubeIDE_2.1.1/STM32CubeIDE/plugins/com.st.stm32cube.ide.mcu.externaltools.gnu-tools-for-stm32.14.3.rel1.win32_1.0.100.202602081740/tools/bin/../lib/gcc/arm-none-eabi/14.3.1/../../../../arm-none-eabi/lib/thumb/v7e-m+fp/hard\libc_nano.a(libc_a-findfp.o)
                              ./Middlewares/Third_Party/FreeRTOS/Source/tasks.o (__sf)
D:/Work/STM32CubeIDE_2.1.1/STM32CubeIDE/plugins/com.st.stm32cube.ide.mcu.externaltools.gnu-tools-for-stm32.14.3.rel1.win32_1.0.100.202602081740/tools/bin/../lib/gcc/arm-none-eabi/14.3.1/../../../../arm-none-eabi/lib/thumb/v7e-m+fp/hard\libc_nano.a(libc_a-fwalk.o)
                              D:/Work/STM32CubeIDE_2.1.1/STM32CubeIDE/plugins/com.st.stm32cube.ide.mcu.externaltools.gnu-tools-for-stm32.14.3.rel1.win32_1.0.100.202602081740/tools/bin/../lib/gcc/arm-none-eabi/14.3.1/../../../../arm-none-eabi/lib/thumb/v7e-m+fp/hard\libc_nano.a(libc_a-findfp.o) (_fwalk_sglue)
D:/Work/STM32CubeIDE_2.1.1/STM32CubeIDE/plugins/com.st.stm32cube.ide.mcu.externaltools.gnu-tools-for-stm32.14.3.rel1.win32_1.0.100.202602081740/tools/bin/../lib/gcc/arm-none-eabi/14.3.1/../../../../arm-none-eabi/lib/thumb/v7e-m+fp/hard\libc_nano.a(libc_a-printf.o)
                              ./Core/Src/mpu6050.o (printf)
D:/Work/STM32CubeIDE_2.1.1/STM32CubeIDE/plugins/com.st.stm32cube.ide.mcu.externaltools.gnu-tools-for-stm32.14.3.rel1.win32_1.0.100.202602081740/tools/bin/../lib/gcc/arm-none-eabi/14.3.1/../../../../arm-none-eabi/lib/thumb/v7e-m+fp/hard\libc_nano.a(libc_a-sprintf.o)
                              D:/Work/STM32CubeIDE_2.1.1/STM32CubeIDE/plugins/com.st.stm32cube.ide.mcu.externaltools.gnu-tools-for-stm32.14.3.rel1.win32_1.0.100.202602081740/tools/bin/../lib/gcc/arm-none-eabi/14.3.1/../../../../arm-none-eabi/lib/thumb/v7e-m+fp/hard\libc_nano.a(libc_a-nano-vfscanf_float.o) (sprintf)
D:/Work/STM32CubeIDE_2.1.1/STM32CubeIDE/plugins/com.st.stm32cube.ide.mcu.externaltools.gnu-tools-for-stm32.14.3.rel1.win32_1.0.100.202602081740/tools/bin/../lib/gcc/arm-none-eabi/14.3.1/../../../../arm-none-eabi/lib/thumb/v7e-m+fp/hard\libc_nano.a(libc_a-stdio.o)
                              D:/Work/STM32CubeIDE_2.1.1/STM32CubeIDE/plugins/com.st.stm32cube.ide.mcu.externaltools.gnu-tools-for-stm32.14.3.rel1.win32_1.0.100.202602081740/tools/bin/../lib/gcc/arm-none-eabi/14.3.1/../../../../arm-none-eabi/lib/thumb/v7e-m+fp/hard\libc_nano.a(libc_a-findfp.o) (__sread)
D:/Work/STM32CubeIDE_2.1.1/STM32CubeIDE/plugins/com.st.stm32cube.ide.mcu.externaltools.gnu-tools-for-stm32.14.3.rel1.win32_1.0.100.202602081740/tools/bin/../lib/gcc/arm-none-eabi/14.3.1/../../../../arm-none-eabi/lib/thumb/v7e-m+fp/hard\libc_nano.a(libc_a-memset.o)
                              D:/Work/STM32CubeIDE_2.1.1/STM32CubeIDE/plugins/com.st.stm32cube.ide.mcu.externaltools.gnu-tools-for-stm32.14.3.rel1.win32_1.0.100.202602081740/tools/bin/../lib/gcc/arm-none-eabi/14.3.1/../../../../arm-none-eabi/lib/thumb/v7e-m+fp/hard/crt0.o (memset)
[...]
Memory Configuration

Name             Origin             Length             Attributes
RAM              0x20000000         0x00020000         xrw
FLASH            0x08000000         0x00080000         xr
*default*        0x00000000         0xffffffff

Linker script and memory map

LOAD D:/Work/STM32CubeIDE_2.1.1/STM32CubeIDE/plugins/com.st.stm32cube.ide.mcu.externaltools.gnu-tools-for-stm32.14.3.rel1.win32_1.0.100.202602081740/tools/bin/../lib/gcc/arm-none-eabi/14.3.1/thumb/v7e-m+fp/hard/crti.o
LOAD D:/Work/STM32CubeIDE_2.1.1/STM32CubeIDE/plugins/com.st.stm32cube.ide.mcu.externaltools.gnu-tools-for-stm32.14.3.rel1.win32_1.0.100.202602081740/tools/bin/../lib/gcc/arm-none-eabi/14.3.1/thumb/v7e-m+fp/hard/crtbegin.o
LOAD D:/Work/STM32CubeIDE_2.1.1/STM32CubeIDE/plugins/com.st.stm32cube.ide.mcu.externaltools.gnu-tools-for-stm32.14.3.rel1.win32_1.0.100.202602081740/tools/bin/../lib/gcc/arm-none-eabi/14.3.1/../../../../arm-none-eabi/lib/thumb/v7e-m+fp/hard/crt0.o
LOAD ./Core/Src/bmp280.o
LOAD ./Core/Src/freertos.o
LOAD ./Core/Src/main.o
LOAD ./Core/Src/mav_messages.o
LOAD ./Core/Src/mpu6050.o
LOAD ./Core/Src/stm32f4xx_hal_msp.o
LOAD ./Core/Src/stm32f4xx_hal_timebase_tim.o
LOAD ./Core/Src/stm32f4xx_it.o
LOAD ./Core/Src/syscalls.o
LOAD ./Core/Src/sysmem.o
LOAD ./Core/Src/system_stm32f4xx.o
LOAD ./Core/Startup/startup_stm32f411ceux.o
LOAD ./Drivers/STM32F4xx_HAL_Driver/Src/stm32f4xx_hal.o
LOAD ./Drivers/STM32F4xx_HAL_Driver/Src/stm32f4xx_hal_cortex.o
LOAD ./Drivers/STM32F4xx_HAL_Driver/Src/stm32f4xx_hal_dma.o
LOAD ./Drivers/STM32F4xx_HAL_Driver/Src/stm32f4xx_hal_dma_ex.o
LOAD ./Drivers/STM32F4xx_HAL_Driver/Src/stm32f4xx_hal_exti.o
LOAD ./Drivers/STM32F4xx_HAL_Driver/Src/stm32f4xx_hal_flash.o
LOAD ./Drivers/STM32F4xx_HAL_Driver/Src/stm32f4xx_hal_flash_ex.o
LOAD ./Drivers/STM32F4xx_HAL_Driver/Src/stm32f4xx_hal_flash_ramfunc.o
LOAD ./Drivers/STM32F4xx_HAL_Driver/Src/stm32f4xx_hal_gpio.o
LOAD ./Drivers/STM32F4xx_HAL_Driver/Src/stm32f4xx_hal_i2c.o
LOAD ./Drivers/STM32F4xx_HAL_Driver/Src/stm32f4xx_hal_i2c_ex.o
LOAD ./Drivers/STM32F4xx_HAL_Driver/Src/stm32f4xx_hal_pwr.o
LOAD ./Drivers/STM32F4xx_HAL_Driver/Src/stm32f4xx_hal_pwr_ex.o
LOAD ./Drivers/STM32F4xx_HAL_Driver/Src/stm32f4xx_hal_rcc.o
LOAD ./Drivers/STM32F4xx_HAL_Driver/Src/stm32f4xx_hal_rcc_ex.o
LOAD ./Drivers/STM32F4xx_HAL_Driver/Src/stm32f4xx_hal_tim.o
LOAD ./Drivers/STM32F4xx_HAL_Driver/Src/stm32f4xx_hal_tim_ex.o
LOAD ./Drivers/STM32F4xx_HAL_Driver/Src/stm32f4xx_hal_uart.o
LOAD ./Middlewares/Third_Party/FreeRTOS/Source/CMSIS_RTOS_V2/cmsis_os2.o
LOAD ./Middlewares/Third_Party/FreeRTOS/Source/croutine.o
LOAD ./Middlewares/Third_Party/FreeRTOS/Source/event_groups.o
LOAD ./Middlewares/Third_Party/FreeRTOS/Source/list.o
LOAD ./Middlewares/Third_Party/FreeRTOS/Source/queue.o
LOAD ./Middlewares/Third_Party/FreeRTOS/Source/stream_buffer.o
LOAD ./Middlewares/Third_Party/FreeRTOS/Source/tasks.o
LOAD ./Middlewares/Third_Party/FreeRTOS/Source/timers.o
LOAD ./Middlewares/Third_Party/FreeRTOS/Source/portable/GCC/ARM_CM4F/port.o
LOAD ./Middlewares/Third_Party/FreeRTOS/Source/portable/MemMang/heap_4.o
START GROUP
LOAD D:/Work/STM32CubeIDE_2.1.1/STM32CubeIDE/plugins/com.st.stm32cube.ide.mcu.externaltools.gnu-tools-for-stm32.14.3.rel1.win32_1.0.100.202602081740/tools/bin/../lib/gcc/arm-none-eabi/14.3.1/../../../../arm-none-eabi/lib/thumb/v7e-m+fp/hard\libc_nano.a
LOAD D:/Work/STM32CubeIDE_2.1.1/STM32CubeIDE/plugins/com.st.stm32cube.ide.mcu.externaltools.gnu-tools-for-stm32.14.3.rel1.win32_1.0.100.202602081740/tools/bin/../lib/gcc/arm-none-eabi/14.3.1/../../../../arm-none-eabi/lib/thumb/v7e-m+fp/hard\libm.a
END GROUP
START GROUP
LOAD D:/Work/STM32CubeIDE_2.1.1/STM32CubeIDE/plugins/com.st.stm32cube.ide.mcu.externaltools.gnu-tools-for-stm32.14.3.rel1.win32_1.0.100.202602081740/tools/bin/../lib/gcc/arm-none-eabi/14.3.1/thumb/v7e-m+fp/hard\libgcc.a
LOAD D:/Work/STM32CubeIDE_2.1.1/STM32CubeIDE/plugins/com.st.stm32cube.ide.mcu.externaltools.gnu-tools-for-stm32.14.3.rel1.win32_1.0.100.202602081740/tools/bin/../lib/gcc/arm-none-eabi/14.3.1/../../../../arm-none-eabi/lib/thumb/v7e-m+fp/hard\libc_nano.a
END GROUP
START GROUP
LOAD D:/Work/STM32CubeIDE_2.1.1/STM32CubeIDE/plugins/com.st.stm32cube.ide.mcu.externaltools.gnu-tools-for-stm32.14.3.rel1.win32_1.0.100.202602081740/tools/bin/../lib/gcc/arm-none-eabi/14.3.1/thumb/v7e-m+fp/hard\libgcc.a
LOAD D:/Work/STM32CubeIDE_2.1.1/STM32CubeIDE/plugins/com.st.stm32cube.ide.mcu.externaltools.gnu-tools-for-stm32.14.3.rel1.win32_1.0.100.202602081740/tools/bin/../lib/gcc/arm-none-eabi/14.3.1/../../../../arm-none-eabi/lib/thumb/v7e-m+fp/hard\libc_nano.a
LOAD D:/Work/STM32CubeIDE_2.1.1/STM32CubeIDE/plugins/com.st.stm32cube.ide.mcu.externaltools.gnu-tools-for-stm32.14.3.rel1.win32_1.0.100.202602081740/tools/bin/../lib/gcc/arm-none-eabi/14.3.1/../../../../arm-none-eabi/lib/thumb/v7e-m+fp/hard\libnosys.a
END GROUP
START GROUP
LOAD D:/Work/STM32CubeIDE_2.1.1/STM32CubeIDE/plugins/com.st.stm32cube.ide.mcu.externaltools.gnu-tools-for-stm32.14.3.rel1.win32_1.0.100.202602081740/tools/bin/../lib/gcc/arm-none-eabi/14.3.1/thumb/v7e-m+fp/hard\libgcc.a
LOAD D:/Work/STM32CubeIDE_2.1.1/STM32CubeIDE/plugins/com.st.stm32cube.ide.mcu.externaltools.gnu-tools-for-stm32.14.3.rel1.win32_1.0.100.202602081740/tools/bin/../lib/gcc/arm-none-eabi/14.3.1/../../../../arm-none-eabi/lib/thumb/v7e-m+fp/hard\libc_nano.a
LOAD D:/Work/STM32CubeIDE_2.1.1/STM32CubeIDE/plugins/com.st.stm32cube.ide.mcu.externaltools.gnu-tools-for-stm32.14.3.rel1.win32_1.0.100.202602081740/tools/bin/../lib/gcc/arm-none-eabi/14.3.1/../../../../arm-none-eabi/lib/thumb/v7e-m+fp/hard\libnosys.a
END GROUP
LOAD D:/Work/STM32CubeIDE_2.1.1/STM32CubeIDE/plugins/com.st.stm32cube.ide.mcu.externaltools.gnu-tools-for-stm32.14.3.rel1.win32_1.0.100.202602081740/tools/bin/../lib/gcc/arm-none-eabi/14.3.1/thumb/v7e-m+fp/hard/crtend.o
LOAD D:/Work/STM32CubeIDE_2.1.1/STM32CubeIDE/plugins/com.st.stm32cube.ide.mcu.externaltools.gnu-tools-for-stm32.14.3.rel1.win32_1.0.100.202602081740/tools/bin/../lib/gcc/arm-none-eabi/14.3.1/thumb/v7e-m+fp/hard/crtn.o
                0x20020000                        _estack = (ORIGIN (RAM) + LENGTH (RAM))
                0x00000200                        _Min_Heap_Size = 0x200
                0x00000400                        _Min_Stack_Size = 0x400

.isr_vector     0x08000000      0x198
                0x08000000                        . = ALIGN (0x4)
 *(.isr_vector)
 .isr_vector    0x08000000      0x198 ./Core/Startup/startup_stm32f411ceux.o
                0x08000000                g_pfnVectors
                0x08000198                        . = ALIGN (0x4)

.text           0x080001a0    0x130d0
                0x080001a0                        . = ALIGN (0x4)
 *(.text)
 .text          0x080001a0       0x40 D:/Work/STM32CubeIDE_2.1.1/STM32CubeIDE/plugins/com.st.stm32cube.ide.mcu.externaltools.gnu-tools-for-stm32.14.3.rel1.win32_1.0.100.202602081740/tools/bin/../lib/gcc/arm-none-eabi/14.3.1/thumb/v7e-m+fp/hard/crtbegin.o
 .text          0x080001e0       0xa0 D:/Work/STM32CubeIDE_2.1.1/STM32CubeIDE/plugins/com.st.stm32cube.ide.mcu.externaltools.gnu-tools-for-stm32.14.3.rel1.win32_1.0.100.202602081740/tools/bin/../lib/gcc/arm-none-eabi/14.3.1/../../../../arm-none-eabi/lib/thumb/v7e-m+fp/hard\libc_nano.a(libc_a-memchr.o)
                0x080001e0                memchr
 .text          0x08000280       0x10 D:/Work/STM32CubeIDE_2.1.1/STM32CubeIDE/plugins/com.st.stm32cube.ide.mcu.externaltools.gnu-tools-for-stm32.14.3.rel1.win32_1.0.100.202602081740/tools/bin/../lib/gcc/arm-none-eabi/14.3.1/../../../../arm-none-eabi/lib/thumb/v7e-m+fp/hard\libc_nano.a(libc_a-strlen.o)
                0x08000280                strlen
 .text          0x08000290      0x378 D:/Work/STM32CubeIDE_2.1.1/STM32CubeIDE/plugins/com.st.stm32cube.ide.mcu.externaltools.gnu-tools-for-stm32.14.3.rel1.win32_1.0.100.202602081740/tools/bin/../lib/gcc/arm-none-eabi/14.3.1/thumb/v7e-m+fp/hard\libgcc.a(_arm_addsubdf3.o)
                0x08000290                __aeabi_drsub
                0x08000298                __aeabi_dsub
                0x08000298                __subdf3
                0x0800029c                __aeabi_dadd
                0x0800029c                __adddf3
                0x08000514                __floatunsidf
                0x08000514                __aeabi_ui2d
                0x08000534                __floatsidf
                0x08000534                __aeabi_i2d
                0x08000558                __aeabi_f2d
                0x08000558                __extendsfdf2
                0x0800059c                __floatundidf
                0x0800059c                __aeabi_ul2d
                0x080005ac                __floatdidf
                0x080005ac                __aeabi_l2d
 .text          0x08000608      0x424 D:/Work/STM32CubeIDE_2.1.1/STM32CubeIDE/plugins/com.st.stm32cube.ide.mcu.externaltools.gnu-tools-for-stm32.14.3.rel1.win32_1.0.100.202602081740/tools/bin/../lib/gcc/arm-none-eabi/14.3.1/thumb/v7e-m+fp/hard\libgcc.a(_arm_muldivdf3.o)
                0x08000608                __aeabi_dmul
                0x08000608                __muldf3
                0x0800085c                __divdf3
                0x0800085c                __aeabi_ddiv
 .text          0x08000a2c      0x110 D:/Work/STM32CubeIDE_2.1.1/STM32CubeIDE/plugins/com.st.stm32cube.ide.mcu.externaltools.gnu-tools-for-stm32.14.3.rel1.win32_1.0.100.202602081740/tools/bin/../lib/gcc/arm-none-eabi/14.3.1/thumb/v7e-m+fp/hard\libgcc.a(_arm_cmpdf2.o)
                0x08000a2c                __gtdf2
                0x08000a2c                __gedf2
                0x08000a34                __ltdf2
                0x08000a34                __ledf2
                0x08000a3c                __nedf2
                0x08000a3c                __eqdf2
                0x08000a3c                __cmpdf2
                0x08000ab8                __aeabi_cdrcmple
                0x08000ac8                __aeabi_cdcmpeq
                0x08000ac8                __aeabi_cdcmple
                0x08000ad8                __aeabi_dcmpeq
                0x08000aec                __aeabi_dcmplt
                0x08000b00                __aeabi_dcmple
                0x08000b14                __aeabi_dcmpge
                0x08000b28                __aeabi_dcmpgt
 .text          0x08000b3c       0x2c D:/Work/STM32CubeIDE_2.1.1/STM32CubeIDE/plugins/com.st.stm32cube.ide.mcu.externaltools.gnu-tools-for-stm32.14.3.rel1.win32_1.0.100.202602081740/tools/bin/../lib/gcc/arm-none-eabi/14.3.1/thumb/v7e-m+fp/hard\libgcc.a(_arm_unorddf2.o)
                0x08000b3c                __unorddf2
                0x08000b3c                __aeabi_dcmpun
 .text          0x08000b68       0x50 D:/Work/STM32CubeIDE_2.1.1/STM32CubeIDE/plugins/com.st.stm32cube.ide.mcu.externaltools.gnu-tools-for-stm32.14.3.rel1.win32_1.0.100.202602081740/tools/bin/../lib/gcc/arm-none-eabi/14.3.1/thumb/v7e-m+fp/hard\libgcc.a(_arm_fixdfsi.o)
                0x08000b68                __aeabi_d2iz
                0x08000b68                __fixdfsi
 .text          0x08000bb8       0x40 D:/Work/STM32CubeIDE_2.1.1/STM32CubeIDE/plugins/com.st.stm32cube.ide.mcu.externaltools.gnu-tools-for-stm32.14.3.rel1.win32_1.0.100.202602081740/tools/bin/../lib/gcc/arm-none-eabi/14.3.1/thumb/v7e-m+fp/hard\libgcc.a(_arm_fixunsdfsi.o)
                0x08000bb8                __aeabi_d2uiz
                0x08000bb8                __fixunsdfsi
 .text          0x08000bf8       0xa0 D:/Work/STM32CubeIDE_2.1.1/STM32CubeIDE/plugins/com.st.stm32cube.ide.mcu.externaltools.gnu-tools-for-stm32.14.3.rel1.win32_1.0.100.202602081740/tools/bin/../lib/gcc/arm-none-eabi/14.3.1/thumb/v7e-m+fp/hard\libgcc.a(_arm_truncdfsf2.o)
                0x08000bf8                __truncdfsf2
                0x08000bf8                __aeabi_d2f
 .text          0x08000c98       0x30 D:/Work/STM32CubeIDE_2.1.1/STM32CubeIDE/plugins/com.st.stm32cube.ide.mcu.externaltools.gnu-tools-for-stm32.14.3.rel1.win32_1.0.100.202602081740/tools/bin/../lib/gcc/arm-none-eabi/14.3.1/thumb/v7e-m+fp/hard\libgcc.a(_aeabi_uldivmod.o)
                0x08000c98                __aeabi_uldivmod
 .text          0x08000cc8       0x30 D:/Work/STM32CubeIDE_2.1.1/STM32CubeIDE/plugins/com.st.stm32cube.ide.mcu.externaltools.gnu-tools-for-stm32.14.3.rel1.win32_1.0.100.202602081740/tools/bin/../lib/gcc/arm-none-eabi/14.3.1/thumb/v7e-m+fp/hard\libgcc.a(_fixdfdi.o)
                0x08000cc8                __fixdfdi
                0x08000cc8                __aeabi_d2lz
 .text          0x08000cf8       0x3c D:/Work/STM32CubeIDE_2.1.1/STM32CubeIDE/plugins/com.st.stm32cube.ide.mcu.externaltools.gnu-tools-for-stm32.14.3.rel1.win32_1.0.100.202602081740/tools/bin/../lib/gcc/arm-none-eabi/14.3.1/thumb/v7e-m+fp/hard\libgcc.a(_fixunsdfdi.o)
                0x08000cf8                __fixunsdfdi
                0x08000cf8                __aeabi_d2ulz
 .text          0x08000d34      0x2f8 D:/Work/STM32CubeIDE_2.1.1/STM32CubeIDE/plugins/com.st.stm32cube.ide.mcu.externaltools.gnu-tools-for-stm32.14.3.rel1.win32_1.0.100.202602081740/tools/bin/../lib/gcc/arm-none-eabi/14.3.1/thumb/v7e-m+fp/hard\libgcc.a(_udivmoddi4.o)
                0x08000d34                __udivmoddi4
 .text          0x0800102c        0x4 D:/Work/STM32CubeIDE_2.1.1/STM32CubeIDE/plugins/com.st.stm32cube.ide.mcu.externaltools.gnu-tools-for-stm32.14.3.rel1.win32_1.0.100.202602081740/tools/bin/../lib/gcc/arm-none-eabi/14.3.1/thumb/v7e-m+fp/hard\libgcc.a(_dvmd_tls.o)
                0x0800102c                __aeabi_idiv0
                0x0800102c                __aeabi_ldiv0
 *(.text*)
 .text.bmp280_hal_i2c_write
                0x08001030       0x38 ./Core/Src/bmp280.o
 .text.bmp280_load_calib
                0x08001068      0x164 ./Core/Src/bmp280.o
 .text.bmp280_get_temperature
                0x080011cc      0x1dc ./Core/Src/bmp280.o
                0x080011cc                bmp280_get_temperature
 .text.bmp280_get_pressure
                0x080013a8      0x3a0 ./Core/Src/bmp280.o
                0x080013a8                bmp280_get_pressure
 .text.bmp280_i2c_setup
                0x08001748       0x18 ./Core/Src/bmp280.o
                0x08001748                bmp280_i2c_setup
 .text.bmp280_get_altitude
                0x08001760       0xbc ./Core/Src/bmp280.o
                0x08001760                bmp280_get_altitude
 .text.__io_putchar
                0x0800181c       0x24 ./Core/Src/main.o
                0x0800181c                __io_putchar
 .text.HAL_GPIO_EXTI_Callback
                0x08001840       0x38 ./Core/Src/main.o
                0x08001840                HAL_GPIO_EXTI_Callback
 .text.HAL_TIM_IC_CaptureCallback
                0x08001878      0x16c ./Core/Src/main.o
                0x08001878                HAL_TIM_IC_CaptureCallback
 .text.range_converter
                0x080019e4       0x86 ./Core/Src/main.o
                0x080019e4                range_converter
 *fill*         0x08001a6a        0x2 
 .text.set_raw_ccr
                0x08001a6c       0x8c ./Core/Src/main.o
                0x08001a6c                set_raw_ccr
 .text.pid_equation
                0x08001af8      0x1ac ./Core/Src/main.o
                0x08001af8                pid_equation
 .text.map_rc_to_pid
                0x08001ca4       0x74 ./Core/Src/main.o
                0x08001ca4                map_rc_to_pid
 .text.reset_pid
                0x08001d18       0x88 ./Core/Src/main.o
                0x08001d18                reset_pid
 .text.ESC_Calibrate
                0x08001da0       0xe4 ./Core/Src/main.o
                0x08001da0                ESC_Calibrate
 .text.actuator_emergency_stop_latch
                0x08001e84      0x12c ./Core/Src/main.o
                0x08001e84                actuator_emergency_stop_latch
 .text.main     0x08001fb0      0x17c ./Core/Src/main.o
                0x08001fb0                main
 .text.SystemClock_Config
                0x0800212c       0xd0 ./Core/Src/main.o
                0x0800212c                SystemClock_Config
 .text.MX_I2C1_Init
                0x080021fc       0x5c ./Core/Src/main.o
 .text.MX_TIM2_Init
                0x08002258      0x118 ./Core/Src/main.o
 .text.MX_TIM3_Init
                0x08002370      0x130 ./Core/Src/main.o
 .text.MX_TIM4_Init
                0x080024a0       0xe0 ./Core/Src/main.o
 .text.MX_TIM9_Init
                0x08002580       0x74 ./Core/Src/main.o
 .text.MX_TIM10_Init
                0x080025f4       0x48 ./Core/Src/main.o
 .text.MX_USART1_UART_Init
                0x0800263c       0x54 ./Core/Src/main.o
 .text.MX_USART2_UART_Init
                0x08002690       0x54 ./Core/Src/main.o
 .text.MX_USART6_UART_Init
                0x080026e4       0x54 ./Core/Src/main.o
 .text.MX_GPIO_Init
                0x08002738      0x100 ./Core/Src/main.o
 .text.arm_disarm
                0x08002838      0x120 ./Core/Src/main.o
                0x08002838                arm_disarm
 .text.mode_handler
                0x08002958      0x134 ./Core/Src/main.o
                0x08002958                mode_handler
 .text.debounce_task
                0x08002a8c       0x34 ./Core/Src/main.o
                0x08002a8c                debounce_task
 .text.quad_mode
                0x08002ac0      0xe40 ./Core/Src/main.o
                0x08002ac0                quad_mode
 .text.telemetry_task
                0x08003900      0x100 ./Core/Src/main.o
                0x08003900                telemetry_task
 .text.fw_mode  0x08003a00      0x4bc ./Core/Src/main.o
                0x08003a00                fw_mode
 .text.vtol_task
                0x08003ebc       0x16 ./Core/Src/main.o
                0x08003ebc                vtol_task
 *fill*         0x08003ed2        0x2 
 .text.HAL_TIM_PeriodElapsedCallback
                0x08003ed4       0x48 ./Core/Src/main.o
                0x08003ed4                HAL_TIM_PeriodElapsedCallback
 .text.Error_Handler
                0x08003f1c        0xc ./Core/Src/main.o
                0x08003f1c                Error_Handler
 .text.crc_accumulate
                0x08003f28       0x6a ./Core/Src/mav_messages.o
 .text.crc_init
                0x08003f92       0x1c ./Core/Src/mav_messages.o
 .text.crc_calculate
                0x08003fae       0x40 ./Core/Src/mav_messages.o
 .text.crc_accumulate_buffer
                0x08003fee       0x38 ./Core/Src/mav_messages.o
 *fill*         0x08004026        0x2 
 .text.mavlink_sha256_init
                0x08004028       0x70 ./Core/Src/mav_messages.o
 .text.mavlink_sha256_calc
                0x08004098      0x3c0 ./Core/Src/mav_messages.o
 .text.mavlink_sha256_update
                0x08004458      0x104 ./Core/Src/mav_messages.o
 .text.mavlink_sha256_final_48
                0x0800455c      0x12e ./Core/Src/mav_messages.o
 *fill*         0x0800468a        0x2 
 .text.mavlink_get_channel_status
                0x0800468c       0x28 ./Core/Src/mav_messages.o
 .text.mavlink_sign_packet
                0x080046b4       0xcc ./Core/Src/mav_messages.o
 .text._mav_trim_payload
                0x08004780       0x36 ./Core/Src/mav_messages.o
 .text.mavlink_finalize_message_buffer
                0x080047b6      0x26e ./Core/Src/mav_messages.o
 .text.mavlink_finalize_message_chan
                0x08004a24       0x48 ./Core/Src/mav_messages.o
 .text.mavlink_finalize_message
                0x08004a6c       0x3c ./Core/Src/mav_messages.o
 .text.mavlink_msg_to_send_buffer
                0x08004aa8      0x1be ./Core/Src/mav_messages.o
 .text.mav_array_memcpy
                0x08004c66       0x30 ./Core/Src/mav_messages.o
 .text.mav_array_assign_char
                0x08004c96       0x30 ./Core/Src/mav_messages.o
 .text.mavlink_msg_scaled_pressure_pack
                0x08004cc6       0x6e ./Core/Src/mav_messages.o
 .text.mavlink_msg_attitude_pack
                0x08004d34       0x8e ./Core/Src/mav_messages.o
 .text.mavlink_msg_battery_status_pack
                0x08004dc2       0xe8 ./Core/Src/mav_messages.o
 .text.mavlink_msg_statustext_pack
                0x08004eaa       0x9c ./Core/Src/mav_messages.o
 .text.mavlink_msg_heartbeat_pack
                0x08004f46       0x70 ./Core/Src/mav_messages.o
 *fill*         0x08004fb6        0x2 
 .text.send_heartbeat_armed
                0x08004fb8       0x58 ./Core/Src/mav_messages.o
                0x08004fb8                send_heartbeat_armed
 .text.send_heartbeat_disarmed
                0x08005010       0x58 ./Core/Src/mav_messages.o
                0x08005010                send_heartbeat_disarmed
 .text.send_attitude
                0x08005068       0xe8 ./Core/Src/mav_messages.o
                0x08005068                send_attitude
 .text.send_battery_info
                0x08005150      0x164 ./Core/Src/mav_messages.o
                0x08005150                send_battery_info
 .text.send_scaled_pressure
                0x080052b4       0xc0 ./Core/Src/mav_messages.o
                0x080052b4                send_scaled_pressure
 .text.send_status_text
                0x08005374       0x80 ./Core/Src/mav_messages.o
                0x08005374                send_status_text
 .text.Kalman_Init
                0x080053f4       0x44 ./Core/Src/mpu6050.o
                0x080053f4                Kalman_Init
 .text.mpu_init
                0x08005438       0xdc ./Core/Src/mpu6050.o
                0x08005438                mpu_init
 .text.mpu_gyro_read
                0x08005514       0xb0 ./Core/Src/mpu6050.o
                0x08005514                mpu_gyro_read
 .text.mpu_accel_read
                0x080055c4       0xc4 ./Core/Src/mpu6050.o
                0x080055c4                mpu_accel_read
 .text.mpu_roll_pitch_read_accel
                0x08005688      0x104 ./Core/Src/mpu6050.o
                0x08005688                mpu_roll_pitch_read_accel
 .text.mpu_roll_pitch_calibration_accel
                0x0800578c       0x84 ./Core/Src/mpu6050.o
                0x0800578c                mpu_roll_pitch_calibration_accel
 .text.mpu_gyro_calibration
                0x08005810       0xb0 ./Core/Src/mpu6050.o
                0x08005810                mpu_gyro_calibration
 .text.Kalman_get_angle
                0x080058c0      0x3d6 ./Core/Src/mpu6050.o
                0x080058c0                Kalman_get_angle
 *fill*         0x08005c96        0x2 
 .text.mpu_get_kalman_angles
                0x08005c98      0x140 ./Core/Src/mpu6050.o
                0x08005c98                mpu_get_kalman_angles
 .text.HAL_MspInit
                0x08005dd8       0x58 ./Core/Src/stm32f4xx_hal_msp.o
                0x08005dd8                HAL_MspInit
 .text.HAL_I2C_MspInit
                0x08005e30       0x90 ./Core/Src/stm32f4xx_hal_msp.o
                0x08005e30                HAL_I2C_MspInit
 .text.HAL_TIM_Base_MspInit
                0x08005ec0      0x15c ./Core/Src/stm32f4xx_hal_msp.o
                0x08005ec0                HAL_TIM_Base_MspInit
 .text.HAL_TIM_MspPostInit
                0x0800601c      0x13c ./Core/Src/stm32f4xx_hal_msp.o
                0x0800601c                HAL_TIM_MspPostInit
 .text.HAL_UART_MspInit
                0x08006158      0x164 ./Core/Src/stm32f4xx_hal_msp.o
                0x08006158                HAL_UART_MspInit
 .text.HAL_InitTick
                0x080062bc       0xe4 ./Core/Src/stm32f4xx_hal_timebase_tim.o
                0x080062bc                HAL_InitTick
 .text.NMI_Handler
                0x080063a0        0x8 ./Core/Src/stm32f4xx_it.o
                0x080063a0                NMI_Handler
 .text.HardFault_Handler
                0x080063a8        0x8 ./Core/Src/stm32f4xx_it.o
                0x080063a8                HardFault_Handler
 .text.MemManage_Handler
                0x080063b0        0x8 ./Core/Src/stm32f4xx_it.o
                0x080063b0                MemManage_Handler
 .text.BusFault_Handler
                0x080063b8        0x8 ./Core/Src/stm32f4xx_it.o
                0x080063b8                BusFault_Handler
 .text.UsageFault_Handler
                0x080063c0        0x8 ./Core/Src/stm32f4xx_it.o
                0x080063c0                UsageFault_Handler
 .text.DebugMon_Handler
                0x080063c8        0xe ./Core/Src/stm32f4xx_it.o
                0x080063c8                DebugMon_Handler
 .text.EXTI0_IRQHandler
                0x080063d6        0xe ./Core/Src/stm32f4xx_it.o
                0x080063d6                EXTI0_IRQHandler
 .text.TIM1_UP_TIM10_IRQHandler
                0x080063e4       0x14 ./Core/Src/stm32f4xx_it.o
                0x080063e4                TIM1_UP_TIM10_IRQHandler
 .text.TIM1_TRG_COM_TIM11_IRQHandler
                0x080063f8       0x14 ./Core/Src/stm32f4xx_it.o
                0x080063f8                TIM1_TRG_COM_TIM11_IRQHandler
 .text.TIM4_IRQHandler
                0x0800640c       0x14 ./Core/Src/stm32f4xx_it.o
                0x0800640c                TIM4_IRQHandler
 .text._getpid  0x08006420       0x10 ./Core/Src/syscalls.o
                0x08006420                _getpid
 .text._kill    0x08006430       0x20 ./Core/Src/syscalls.o
                0x08006430                _kill
 .text._exit    0x08006450       0x16 ./Core/Src/syscalls.o
                0x08006450                _exit
 .text._read    0x08006466       0x3a ./Core/Src/syscalls.o
                0x08006466                _read
 .text._write   0x080064a0       0x38 ./Core/Src/syscalls.o
                0x080064a0                _write
 .text._close   0x080064d8       0x18 ./Core/Src/syscalls.o
                0x080064d8                _close
 .text._fstat   0x080064f0       0x20 ./Core/Src/syscalls.o
                0x080064f0                _fstat
 .text._isatty  0x08006510       0x16 ./Core/Src/syscalls.o
                0x08006510                _isatty
 .text._lseek   0x08006526       0x1a ./Core/Src/syscalls.o
                0x08006526                _lseek
 .text._sbrk    0x08006540       0x6c ./Core/Src/sysmem.o
                0x08006540                _sbrk
 .text.SystemInit
                0x080065ac       0x24 ./Core/Src/system_stm32f4xx.o
                0x080065ac                SystemInit
 .text.Reset_Handler
                0x080065d0       0x50 ./Core/Startup/startup_stm32f411ceux.o
                0x080065d0                Reset_Handler
 .text.Default_Handler
                0x08006620        0x2 ./Core/Startup/startup_stm32f411ceux.o
                0x08006620                RTC_Alarm_IRQHandler
                0x08006620                EXTI2_IRQHandler
                0x08006620                SPI4_IRQHandler
                0x08006620                TIM1_CC_IRQHandler
                0x08006620                DMA2_Stream5_IRQHandler
                0x08006620                DMA1_Stream5_IRQHandler
                0x08006620                PVD_IRQHandler
                0x08006620                SDIO_IRQHandler
                0x08006620                TAMP_STAMP_IRQHandler
                0x08006620                EXTI3_IRQHandler
                0x08006620                I2C3_ER_IRQHandler
                0x08006620                I2C2_EV_IRQHandler
                0x08006620                DMA1_Stream2_IRQHandler
                0x08006620                FPU_IRQHandler
                0x08006620                DMA2_Stream2_IRQHandler
                0x08006620                SPI1_IRQHandler
                0x08006620                TIM1_BRK_TIM9_IRQHandler
                0x08006620                DMA2_Stream3_IRQHandler
                0x08006620                USART6_IRQHandler
                0x08006620                DMA2_Stream0_IRQHandler
                0x08006620                I2C1_EV_IRQHandler
                0x08006620                DMA1_Stream6_IRQHandler
                0x08006620                DMA1_Stream1_IRQHandler
                0x08006620                TIM3_IRQHandler
                0x08006620                RCC_IRQHandler
                0x08006620                Default_Handler
                0x08006620                EXTI15_10_IRQHandler
                0x08006620                ADC_IRQHandler
                0x08006620                DMA1_Stream7_IRQHandler
                0x08006620                SPI5_IRQHandler
                0x08006620                TIM5_IRQHandler
                0x08006620                DMA2_Stream7_IRQHandler
                0x08006620                I2C3_EV_IRQHandler
                0x08006620                EXTI9_5_IRQHandler
                0x08006620                RTC_WKUP_IRQHandler
                0x08006620                SPI2_IRQHandler
                0x08006620                DMA1_Stream0_IRQHandler
                0x08006620                EXTI4_IRQHandler
                0x08006620                WWDG_IRQHandler
                0x08006620                TIM2_IRQHandler
                0x08006620                OTG_FS_WKUP_IRQHandler
                0x08006620                EXTI1_IRQHandler
                0x08006620                USART2_IRQHandler
                0x08006620                I2C2_ER_IRQHandler
                0x08006620                DMA2_Stream1_IRQHandler
                0x08006620                FLASH_IRQHandler
                0x08006620                DMA2_Stream4_IRQHandler
                0x08006620                USART1_IRQHandler
                0x08006620                OTG_FS_IRQHandler
                0x08006620                SPI3_IRQHandler
                0x08006620                DMA1_Stream4_IRQHandler
                0x08006620                I2C1_ER_IRQHandler
                0x08006620                DMA2_Stream6_IRQHandler
                0x08006620                DMA1_Stream3_IRQHandler
 *fill*         0x08006622        0x2 
 .text.HAL_Init
                0x08006624       0x44 ./Drivers/STM32F4xx_HAL_Driver/Src/stm32f4xx_hal.o
                0x08006624                HAL_Init
 .text.HAL_IncTick
                0x08006668       0x28 ./Drivers/STM32F4xx_HAL_Driver/Src/stm32f4xx_hal.o
                0x08006668                HAL_IncTick
 .text.HAL_GetTick
                0x08006690       0x18 ./Drivers/STM32F4xx_HAL_Driver/Src/stm32f4xx_hal.o
                0x08006690                HAL_GetTick
 .text.HAL_Delay
                0x080066a8       0x48 ./Drivers/STM32F4xx_HAL_Driver/Src/stm32f4xx_hal.o
                0x080066a8                HAL_Delay
 .text.__NVIC_SetPriorityGrouping
                0x080066f0       0x48 ./Drivers/STM32F4xx_HAL_Driver/Src/stm32f4xx_hal_cortex.o
 .text.__NVIC_GetPriorityGrouping
                0x08006738       0x1c ./Drivers/STM32F4xx_HAL_Driver/Src/stm32f4xx_hal_cortex.o
 .text.__NVIC_EnableIRQ
                0x08006754       0x3c ./Drivers/STM32F4xx_HAL_Driver/Src/stm32f4xx_hal_cortex.o
 .text.__NVIC_SetPriority
                0x08006790       0x54 ./Drivers/STM32F4xx_HAL_Driver/Src/stm32f4xx_hal_cortex.o
 .text.NVIC_EncodePriority
                0x080067e4       0x66 ./Drivers/STM32F4xx_HAL_Driver/Src/stm32f4xx_hal_cortex.o
 .text.HAL_NVIC_SetPriorityGrouping
                0x0800684a       0x16 ./Drivers/STM32F4xx_HAL_Driver/Src/stm32f4xx_hal_cortex.o
                0x0800684a                HAL_NVIC_SetPriorityGrouping
 .text.HAL_NVIC_SetPriority
                0x08006860       0x38 ./Drivers/STM32F4xx_HAL_Driver/Src/stm32f4xx_hal_cortex.o
                0x08006860                HAL_NVIC_SetPriority
 .text.HAL_NVIC_EnableIRQ
                0x08006898       0x1c ./Drivers/STM32F4xx_HAL_Driver/Src/stm32f4xx_hal_cortex.o
                0x08006898                HAL_NVIC_EnableIRQ
 .text.HAL_GPIO_Init
                0x080068b4      0x308 ./Drivers/STM32F4xx_HAL_Driver/Src/stm32f4xx_hal_gpio.o
                0x080068b4                HAL_GPIO_Init
 .text.HAL_GPIO_WritePin
                0x08006bbc       0x32 ./Drivers/STM32F4xx_HAL_Driver/Src/stm32f4xx_hal_gpio.o
                0x08006bbc                HAL_GPIO_WritePin
 .text.HAL_GPIO_TogglePin
                0x08006bee       0x34 ./Drivers/STM32F4xx_HAL_Driver/Src/stm32f4xx_hal_gpio.o
                0x08006bee                HAL_GPIO_TogglePin
 *fill*         0x08006c22        0x2 
 .text.HAL_GPIO_EXTI_IRQHandler
                0x08006c24       0x30 ./Drivers/STM32F4xx_HAL_Driver/Src/stm32f4xx_hal_gpio.o
                0x08006c24                HAL_GPIO_EXTI_IRQHandler
 .text.HAL_I2C_Init
                0x08006c54      0x288 ./Drivers/STM32F4xx_HAL_Driver/Src/stm32f4xx_hal_i2c.o
                0x08006c54                HAL_I2C_Init
 .text.HAL_I2C_Mem_Write
                0x08006edc      0x1f4 ./Drivers/STM32F4xx_HAL_Driver/Src/stm32f4xx_hal_i2c.o
                0x08006edc                HAL_I2C_Mem_Write
 .text.HAL_I2C_Mem_Read
                0x080070d0      0x464 ./Drivers/STM32F4xx_HAL_Driver/Src/stm32f4xx_hal_i2c.o
                0x080070d0                HAL_I2C_Mem_Read
 .text.I2C_RequestMemoryWrite
                0x08007534      0x12c ./Drivers/STM32F4xx_HAL_Driver/Src/stm32f4xx_hal_i2c.o
 .text.I2C_RequestMemoryRead
                0x08007660      0x1d0 ./Drivers/STM32F4xx_HAL_Driver/Src/stm32f4xx_hal_i2c.o
 .text.I2C_WaitOnFlagUntilTimeout
                0x08007830       0xf4 ./Drivers/STM32F4xx_HAL_Driver/Src/stm32f4xx_hal_i2c.o
 .text.I2C_WaitOnMasterAddressFlagUntilTimeout
                0x08007924      0x140 ./Drivers/STM32F4xx_HAL_Driver/Src/stm32f4xx_hal_i2c.o
 .text.I2C_WaitOnTXEFlagUntilTimeout
                0x08007a64       0x90 ./Drivers/STM32F4xx_HAL_Driver/Src/stm32f4xx_hal_i2c.o
 .text.I2C_WaitOnBTFFlagUntilTimeout
                0x08007af4       0x90 ./Drivers/STM32F4xx_HAL_Driver/Src/stm32f4xx_hal_i2c.o
 .text.I2C_WaitOnRXNEFlagUntilTimeout
                0x08007b84       0xba ./Drivers/STM32F4xx_HAL_Driver/Src/stm32f4xx_hal_i2c.o
 .text.I2C_IsAcknowledgeFailed
                0x08007c3e       0x5e ./Drivers/STM32F4xx_HAL_Driver/Src/stm32f4xx_hal_i2c.o
 .text.HAL_RCC_OscConfig
                0x08007c9c      0x4f0 ./Drivers/STM32F4xx_HAL_Driver/Src/stm32f4xx_hal_rcc.o
                0x08007c9c                HAL_RCC_OscConfig
 .text.HAL_RCC_ClockConfig
                0x0800818c      0x1cc ./Drivers/STM32F4xx_HAL_Driver/Src/stm32f4xx_hal_rcc.o
                0x0800818c                HAL_RCC_ClockConfig
 .text.HAL_RCC_GetSysClockFreq
                0x08008358      0x188 ./Drivers/STM32F4xx_HAL_Driver/Src/stm32f4xx_hal_rcc.o
                0x08008358                HAL_RCC_GetSysClockFreq
 .text.HAL_RCC_GetHCLKFreq
                0x080084e0       0x18 ./Drivers/STM32F4xx_HAL_Driver/Src/stm32f4xx_hal_rcc.o
                0x080084e0                HAL_RCC_GetHCLKFreq
 .text.HAL_RCC_GetPCLK1Freq
                0x080084f8       0x28 ./Drivers/STM32F4xx_HAL_Driver/Src/stm32f4xx_hal_rcc.o
                0x080084f8                HAL_RCC_GetPCLK1Freq
 .text.HAL_RCC_GetPCLK2Freq
                0x08008520       0x28 ./Drivers/STM32F4xx_HAL_Driver/Src/stm32f4xx_hal_rcc.o
                0x08008520                HAL_RCC_GetPCLK2Freq
 .text.HAL_RCC_GetClockConfig
                0x08008548       0x64 ./Drivers/STM32F4xx_HAL_Driver/Src/stm32f4xx_hal_rcc.o
                0x08008548                HAL_RCC_GetClockConfig
 .text.HAL_TIM_Base_Init
                0x080085ac       0x9e ./Drivers/STM32F4xx_HAL_Driver/Src/stm32f4xx_hal_tim.o
                0x080085ac                HAL_TIM_Base_Init
 *fill*         0x0800864a        0x2 
 .text.HAL_TIM_Base_Start
                0x0800864c       0xb4 ./Drivers/STM32F4xx_HAL_Driver/Src/stm32f4xx_hal_tim.o
                0x0800864c                HAL_TIM_Base_Start
 .text.HAL_TIM_Base_Start_IT
                0x08008700       0xc4 ./Drivers/STM32F4xx_HAL_Driver/Src/stm32f4xx_hal_tim.o
                0x08008700                HAL_TIM_Base_Start_IT
 .text.HAL_TIM_PWM_Init
                0x080087c4       0x9e ./Drivers/STM32F4xx_HAL_Driver/Src/stm32f4xx_hal_tim.o
                0x080087c4                HAL_TIM_PWM_Init
 .text.HAL_TIM_PWM_MspInit
                0x08008862       0x14 ./Drivers/STM32F4xx_HAL_Driver/Src/stm32f4xx_hal_tim.o
                0x08008862                HAL_TIM_PWM_MspInit
 *fill*         0x08008876        0x2 
 .text.HAL_TIM_PWM_Start
                0x08008878      0x160 ./Drivers/STM32F4xx_HAL_Driver/Src/stm32f4xx_hal_tim.o
                0x08008878                HAL_TIM_PWM_Start
 .text.HAL_TIM_PWM_Stop
                0x080089d8       0xc8 ./Drivers/STM32F4xx_HAL_Driver/Src/stm32f4xx_hal_tim.o
                0x080089d8                HAL_TIM_PWM_Stop
 .text.HAL_TIM_IC_Init
                0x08008aa0       0x9e ./Drivers/STM32F4xx_HAL_Driver/Src/stm32f4xx_hal_tim.o
                0x08008aa0                HAL_TIM_IC_Init
 .text.HAL_TIM_IC_MspInit
                0x08008b3e       0x14 ./Drivers/STM32F4xx_HAL_Driver/Src/stm32f4xx_hal_tim.o
                0x08008b3e                HAL_TIM_IC_MspInit
 *fill*         0x08008b52        0x2 
 .text.HAL_TIM_IC_Start_IT
                0x08008b54      0x234 ./Drivers/STM32F4xx_HAL_Driver/Src/stm32f4xx_hal_tim.o
                0x08008b54                HAL_TIM_IC_Start_IT
 .text.HAL_TIM_IRQHandler
                0x08008d88      0x1e0 ./Drivers/STM32F4xx_HAL_Driver/Src/stm32f4xx_hal_tim.o
                0x08008d88                HAL_TIM_IRQHandler
 .text.HAL_TIM_IC_ConfigChannel
                0x08008f68      0x138 ./Drivers/STM32F4xx_HAL_Driver/Src/stm32f4xx_hal_tim.o
                0x08008f68                HAL_TIM_IC_ConfigChannel
 .text.HAL_TIM_PWM_ConfigChannel
                0x080090a0      0x184 ./Drivers/STM32F4xx_HAL_Driver/Src/stm32f4xx_hal_tim.o
                0x080090a0                HAL_TIM_PWM_ConfigChannel
 .text.HAL_TIM_ConfigClockSource
                0x08009224      0x18e ./Drivers/STM32F4xx_HAL_Driver/Src/stm32f4xx_hal_tim.o
                0x08009224                HAL_TIM_ConfigClockSource
 *fill*         0x080093b2        0x2 
 .text.HAL_TIM_ReadCapturedValue
                0x080093b4       0x88 ./Drivers/STM32F4xx_HAL_Driver/Src/stm32f4xx_hal_tim.o
                0x080093b4                HAL_TIM_ReadCapturedValue
 .text.HAL_TIM_OC_DelayElapsedCallback
                0x0800943c       0x14 ./Drivers/STM32F4xx_HAL_Driver/Src/stm32f4xx_hal_tim.o
                0x0800943c                HAL_TIM_OC_DelayElapsedCallback
 .text.HAL_TIM_PWM_PulseFinishedCallback
                0x08009450       0x14 ./Drivers/STM32F4xx_HAL_Driver/Src/stm32f4xx_hal_tim.o
                0x08009450                HAL_TIM_PWM_PulseFinishedCallback
 .text.HAL_TIM_TriggerCallback
                0x08009464       0x14 ./Drivers/STM32F4xx_HAL_Driver/Src/stm32f4xx_hal_tim.o
                0x08009464                HAL_TIM_TriggerCallback
 .text.TIM_Base_SetConfig
                0x08009478      0x10c ./Drivers/STM32F4xx_HAL_Driver/Src/stm32f4xx_hal_tim.o
                0x08009478                TIM_Base_SetConfig
 .text.TIM_OC1_SetConfig
                0x08009584       0xcc ./Drivers/STM32F4xx_HAL_Driver/Src/stm32f4xx_hal_tim.o
 .text.TIM_OC2_SetConfig
                0x08009650       0xd8 ./Drivers/STM32F4xx_HAL_Driver/Src/stm32f4xx_hal_tim.o
                0x08009650                TIM_OC2_SetConfig
 .text.TIM_OC3_SetConfig
                0x08009728       0xd4 ./Drivers/STM32F4xx_HAL_Driver/Src/stm32f4xx_hal_tim.o
 .text.TIM_OC4_SetConfig
                0x080097fc       0xa0 ./Drivers/STM32F4xx_HAL_Driver/Src/stm32f4xx_hal_tim.o
 .text.TIM_TI1_SetConfig
                0x0800989c       0xd0 ./Drivers/STM32F4xx_HAL_Driver/Src/stm32f4xx_hal_tim.o
                0x0800989c                TIM_TI1_SetConfig
 .text.TIM_TI1_ConfigInputStage
                0x0800996c       0x5e ./Drivers/STM32F4xx_HAL_Driver/Src/stm32f4xx_hal_tim.o
 .text.TIM_TI2_SetConfig
                0x080099ca       0x7a ./Drivers/STM32F4xx_HAL_Driver/Src/stm32f4xx_hal_tim.o
 .text.TIM_TI2_ConfigInputStage
                0x08009a44       0x60 ./Drivers/STM32F4xx_HAL_Driver/Src/stm32f4xx_hal_tim.o
 .text.TIM_TI3_SetConfig
                0x08009aa4       0x78 ./Drivers/STM32F4xx_HAL_Driver/Src/stm32f4xx_hal_tim.o
 .text.TIM_TI4_SetConfig
                0x08009b1c       0x7a ./Drivers/STM32F4xx_HAL_Driver/Src/stm32f4xx_hal_tim.o
 .text.TIM_ITRx_SetConfig
                0x08009b96       0x36 ./Drivers/STM32F4xx_HAL_Driver/Src/stm32f4xx_hal_tim.o
 .text.TIM_ETR_SetConfig
                0x08009bcc       0x40 ./Drivers/STM32F4xx_HAL_Driver/Src/stm32f4xx_hal_tim.o
                0x08009bcc                TIM_ETR_SetConfig
 .text.TIM_CCxChannelCmd
                0x08009c0c       0x4a ./Drivers/STM32F4xx_HAL_Driver/Src/stm32f4xx_hal_tim.o
                0x08009c0c                TIM_CCxChannelCmd
 *fill*         0x08009c56        0x2 
 .text.HAL_TIMEx_MasterConfigSynchronization
                0x08009c58       0xdc ./Drivers/STM32F4xx_HAL_Driver/Src/stm32f4xx_hal_tim_ex.o
                0x08009c58                HAL_TIMEx_MasterConfigSynchronization
 .text.HAL_TIMEx_CommutCallback
                0x08009d34       0x14 ./Drivers/STM32F4xx_HAL_Driver/Src/stm32f4xx_hal_tim_ex.o
                0x08009d34                HAL_TIMEx_CommutCallback
 .text.HAL_TIMEx_BreakCallback
                0x08009d48       0x14 ./Drivers/STM32F4xx_HAL_Driver/Src/stm32f4xx_hal_tim_ex.o
                0x08009d48                HAL_TIMEx_BreakCallback
 .text.HAL_UART_Init
                0x08009d5c       0xa0 ./Drivers/STM32F4xx_HAL_Driver/Src/stm32f4xx_hal_uart.o
                0x08009d5c                HAL_UART_Init
 .text.HAL_UART_Transmit
                0x08009dfc      0x116 ./Drivers/STM32F4xx_HAL_Driver/Src/stm32f4xx_hal_uart.o
                0x08009dfc                HAL_UART_Transmit
 .text.UART_WaitOnFlagUntilTimeout
                0x08009f12       0xb2 ./Drivers/STM32F4xx_HAL_Driver/Src/stm32f4xx_hal_uart.o
 .text.UART_EndRxTransfer
                0x08009fc4       0xc6 ./Drivers/STM32F4xx_HAL_Driver/Src/stm32f4xx_hal_uart.o
 *fill*         0x0800a08a        0x2 
 .text.UART_SetConfig
                0x0800a08c      0x4e8 ./Drivers/STM32F4xx_HAL_Driver/Src/stm32f4xx_hal_uart.o
 .text.__NVIC_SetPriority
                0x0800a574       0x54 ./Middlewares/Third_Party/FreeRTOS/Source/CMSIS_RTOS_V2/cmsis_os2.o
 .text.SysTick_Handler
                0x0800a5c8       0x20 ./Middlewares/Third_Party/FreeRTOS/Source/CMSIS_RTOS_V2/cmsis_os2.o
                0x0800a5c8                SysTick_Handler
 .text.SVC_Setup
                0x0800a5e8       0x12 ./Middlewares/Third_Party/FreeRTOS/Source/CMSIS_RTOS_V2/cmsis_os2.o
 *fill*         0x0800a5fa        0x2 
 .text.osKernelInitialize
                0x0800a5fc       0x48 ./Middlewares/Third_Party/FreeRTOS/Source/CMSIS_RTOS_V2/cmsis_os2.o
                0x0800a5fc                osKernelInitialize
 .text.osKernelStart
                0x0800a644       0x4c ./Middlewares/Third_Party/FreeRTOS/Source/CMSIS_RTOS_V2/cmsis_os2.o
                0x0800a644                osKernelStart
 .text.osKernelGetTickCount
                0x0800a690       0x2a ./Middlewares/Third_Party/FreeRTOS/Source/CMSIS_RTOS_V2/cmsis_os2.o
                0x0800a690                osKernelGetTickCount
 .text.osThreadNew
                0x0800a6ba      0x124 ./Middlewares/Third_Party/FreeRTOS/Source/CMSIS_RTOS_V2/cmsis_os2.o
                0x0800a6ba                osThreadNew
 .text.osThreadTerminate
                0x0800a7de       0x5a ./Middlewares/Third_Party/FreeRTOS/Source/CMSIS_RTOS_V2/cmsis_os2.o
                0x0800a7de                osThreadTerminate
 .text.osDelay  0x0800a838       0x36 ./Middlewares/Third_Party/FreeRTOS/Source/CMSIS_RTOS_V2/cmsis_os2.o
                0x0800a838                osDelay
 .text.osSemaphoreNew
                0x0800a86e      0x112 ./Middlewares/Third_Party/FreeRTOS/Source/CMSIS_RTOS_V2/cmsis_os2.o
                0x0800a86e                osSemaphoreNew
 .text.osSemaphoreAcquire
                0x0800a980       0xa4 ./Middlewares/Third_Party/FreeRTOS/Source/CMSIS_RTOS_V2/cmsis_os2.o
                0x0800a980                osSemaphoreAcquire
 .text.osSemaphoreRelease
                0x0800aa24       0x88 ./Middlewares/Third_Party/FreeRTOS/Source/CMSIS_RTOS_V2/cmsis_os2.o
                0x0800aa24                osSemaphoreRelease
 .text.vApplicationGetIdleTaskMemory
                0x0800aaac       0x34 ./Middlewares/Third_Party/FreeRTOS/Source/CMSIS_RTOS_V2/cmsis_os2.o
                0x0800aaac                vApplicationGetIdleTaskMemory
 .text.vApplicationGetTimerTaskMemory
                0x0800aae0       0x34 ./Middlewares/Third_Party/FreeRTOS/Source/CMSIS_RTOS_V2/cmsis_os2.o
                0x0800aae0                vApplicationGetTimerTaskMemory
 .text.vListInitialise
                0x0800ab14       0x40 ./Middlewares/Third_Party/FreeRTOS/Source/list.o
                0x0800ab14                vListInitialise
 .text.vListInitialiseItem
                0x0800ab54       0x1a ./Middlewares/Third_Party/FreeRTOS/Source/list.o
                0x0800ab54                vListInitialiseItem
 .text.vListInsertEnd
                0x0800ab6e       0x48 ./Middlewares/Third_Party/FreeRTOS/Source/list.o
                0x0800ab6e                vListInsertEnd
 .text.vListInsert
                0x0800abb6       0x72 ./Middlewares/Third_Party/FreeRTOS/Source/list.o
                0x0800abb6                vListInsert
 .text.uxListRemove
                0x0800ac28       0x54 ./Middlewares/Third_Party/FreeRTOS/Source/list.o
                0x0800ac28                uxListRemove
 .text.xQueueGenericReset
                0x0800ac7c       0xd4 ./Middlewares/Third_Party/FreeRTOS/Source/queue.o
                0x0800ac7c                xQueueGenericReset
 .text.xQueueGenericCreateStatic
                0x0800ad50       0xfa ./Middlewares/Third_Party/FreeRTOS/Source/queue.o
                0x0800ad50                xQueueGenericCreateStatic
 .text.xQueueGenericCreate
                0x0800ae4a       0x76 ./Middlewares/Third_Party/FreeRTOS/Source/queue.o
                0x0800ae4a                xQueueGenericCreate
 .text.prvInitialiseNewQueue
                0x0800aec0       0x46 ./Middlewares/Third_Party/FreeRTOS/Source/queue.o
 .text.xQueueCreateCountingSemaphoreStatic
                0x0800af06       0x72 ./Middlewares/Third_Party/FreeRTOS/Source/queue.o
                0x0800af06                xQueueCreateCountingSemaphoreStatic
 .text.xQueueCreateCountingSemaphore
                0x0800af78       0x6a ./Middlewares/Third_Party/FreeRTOS/Source/queue.o
                0x0800af78                xQueueCreateCountingSemaphore
 *fill*         0x0800afe2        0x2 
 .text.xQueueGenericSend
                0x0800afe4      0x204 ./Middlewares/Third_Party/FreeRTOS/Source/queue.o
                0x0800afe4                xQueueGenericSend
 .text.xQueueGenericSendFromISR
                0x0800b1e8      0x13c ./Middlewares/Third_Party/FreeRTOS/Source/queue.o
                0x0800b1e8                xQueueGenericSendFromISR
 .text.xQueueGiveFromISR
                0x0800b324      0x120 ./Middlewares/Third_Party/FreeRTOS/Source/queue.o
                0x0800b324                xQueueGiveFromISR
 .text.xQueueReceive
                0x0800b444      0x1c4 ./Middlewares/Third_Party/FreeRTOS/Source/queue.o
                0x0800b444                xQueueReceive
 .text.xQueueSemaphoreTake
                0x0800b608      0x220 ./Middlewares/Third_Party/FreeRTOS/Source/queue.o
                0x0800b608                xQueueSemaphoreTake
 .text.xQueueReceiveFromISR
                0x0800b828      0x104 ./Middlewares/Third_Party/FreeRTOS/Source/queue.o
                0x0800b828                xQueueReceiveFromISR
 .text.vQueueDelete
                0x0800b92c       0x48 ./Middlewares/Third_Party/FreeRTOS/Source/queue.o
                0x0800b92c                vQueueDelete
 .text.prvGetDisinheritPriorityAfterTimeout
                0x0800b974       0x30 ./Middlewares/Third_Party/FreeRTOS/Source/queue.o
 .text.prvCopyDataToQueue
                0x0800b9a4       0xd4 ./Middlewares/Third_Party/FreeRTOS/Source/queue.o
 .text.prvCopyDataFromQueue
                0x0800ba78       0x4c ./Middlewares/Third_Party/FreeRTOS/Source/queue.o
 .text.prvUnlockQueue
                0x0800bac4       0xa4 ./Middlewares/Third_Party/FreeRTOS/Source/queue.o
 .text.prvIsQueueEmpty
                0x0800bb68       0x2c ./Middlewares/Third_Party/FreeRTOS/Source/queue.o
 .text.prvIsQueueFull
                0x0800bb94       0x30 ./Middlewares/Third_Party/FreeRTOS/Source/queue.o
 .text.vQueueAddToRegistry
                0x0800bbc4       0x54 ./Middlewares/Third_Party/FreeRTOS/Source/queue.o
                0x0800bbc4                vQueueAddToRegistry
 .text.vQueueUnregisterQueue
                0x0800bc18       0x54 ./Middlewares/Third_Party/FreeRTOS/Source/queue.o
                0x0800bc18                vQueueUnregisterQueue
 .text.vQueueWaitForMessageRestricted
                0x0800bc6c       0x68 ./Middlewares/Third_Party/FreeRTOS/Source/queue.o
                0x0800bc6c                vQueueWaitForMessageRestricted
 .text.xTaskCreateStatic
                0x0800bcd4       0xc0 ./Middlewares/Third_Party/FreeRTOS/Source/tasks.o
                0x0800bcd4                xTaskCreateStatic
 .text.xTaskCreate
                0x0800bd94       0x8a ./Middlewares/Third_Party/FreeRTOS/Source/tasks.o
                0x0800bd94                xTaskCreate
 *fill*         0x0800be1e        0x2 
 .text.prvInitialiseNewTask
                0x0800be20      0x150 ./Middlewares/Third_Party/FreeRTOS/Source/tasks.o
 .text.prvAddNewTaskToReadyList
                0x0800bf70       0xe0 ./Middlewares/Third_Party/FreeRTOS/Source/tasks.o
 .text.vTaskDelete
                0x0800c050       0xe8 ./Middlewares/Third_Party/FreeRTOS/Source/tasks.o
                0x0800c050                vTaskDelete
 .text.vTaskDelay
                0x0800c138       0x6c ./Middlewares/Third_Party/FreeRTOS/Source/tasks.o
                0x0800c138                vTaskDelay
 .text.eTaskGetState
                0x0800c1a4       0xd0 ./Middlewares/Third_Party/FreeRTOS/Source/tasks.o
                0x0800c1a4                eTaskGetState
 .text.vTaskStartScheduler
                0x0800c274       0xe0 ./Middlewares/Third_Party/FreeRTOS/Source/tasks.o
                0x0800c274                vTaskStartScheduler
 .text.vTaskSuspendAll
                0x0800c354       0x1c ./Middlewares/Third_Party/FreeRTOS/Source/tasks.o
                0x0800c354                vTaskSuspendAll
 .text.xTaskResumeAll
                0x0800c370      0x13c ./Middlewares/Third_Party/FreeRTOS/Source/tasks.o
                0x0800c370                xTaskResumeAll
 .text.xTaskGetTickCount
                0x0800c4ac       0x20 ./Middlewares/Third_Party/FreeRTOS/Source/tasks.o
                0x0800c4ac                xTaskGetTickCount
 .text.xTaskGetTickCountFromISR
                0x0800c4cc       0x24 ./Middlewares/Third_Party/FreeRTOS/Source/tasks.o
                0x0800c4cc                xTaskGetTickCountFromISR
 .text.xTaskIncrementTick
                0x0800c4f0      0x174 ./Middlewares/Third_Party/FreeRTOS/Source/tasks.o
                0x0800c4f0                xTaskIncrementTick
 .text.vTaskSwitchContext
                0x0800c664       0xcc ./Middlewares/Third_Party/FreeRTOS/Source/tasks.o
                0x0800c664                vTaskSwitchContext
 .text.vTaskPlaceOnEventList
                0x0800c730       0x4c ./Middlewares/Third_Party/FreeRTOS/Source/tasks.o
                0x0800c730                vTaskPlaceOnEventList
 .text.vTaskPlaceOnEventListRestricted
                0x0800c77c       0x58 ./Middlewares/Third_Party/FreeRTOS/Source/tasks.o
                0x0800c77c                vTaskPlaceOnEventListRestricted
 .text.xTaskRemoveFromEventList
                0x0800c7d4       0xc8 ./Middlewares/Third_Party/FreeRTOS/Source/tasks.o
                0x0800c7d4                xTaskRemoveFromEventList
 .text.vTaskInternalSetTimeOutState
                0x0800c89c       0x2c ./Middlewares/Third_Party/FreeRTOS/Source/tasks.o
                0x0800c89c                vTaskInternalSetTimeOutState
 .text.xTaskCheckForTimeOut
                0x0800c8c8       0xc8 ./Middlewares/Third_Party/FreeRTOS/Source/tasks.o
                0x0800c8c8                xTaskCheckForTimeOut
 .text.vTaskMissedYield
                0x0800c990       0x18 ./Middlewares/Third_Party/FreeRTOS/Source/tasks.o
                0x0800c990                vTaskMissedYield
 .text.prvIdleTask
                0x0800c9a8       0x30 ./Middlewares/Third_Party/FreeRTOS/Source/tasks.o
 .text.prvInitialiseTaskLists
                0x0800c9d8       0x80 ./Middlewares/Third_Party/FreeRTOS/Source/tasks.o
 .text.prvCheckTasksWaitingTermination
                0x0800ca58       0x5c ./Middlewares/Third_Party/FreeRTOS/Source/tasks.o
 .text.prvDeleteTCB
                0x0800cab4       0x6a ./Middlewares/Third_Party/FreeRTOS/Source/tasks.o
 *fill*         0x0800cb1e        0x2 
 .text.prvResetNextTaskUnblockTime
                0x0800cb20       0x40 ./Middlewares/Third_Party/FreeRTOS/Source/tasks.o
 .text.xTaskGetSchedulerState
                0x0800cb60       0x3c ./Middlewares/Third_Party/FreeRTOS/Source/tasks.o
                0x0800cb60                xTaskGetSchedulerState
 .text.xTaskPriorityInherit
                0x0800cb9c       0xd0 ./Middlewares/Third_Party/FreeRTOS/Source/tasks.o
                0x0800cb9c                xTaskPriorityInherit
 .text.xTaskPriorityDisinherit
                0x0800cc6c       0xe0 ./Middlewares/Third_Party/FreeRTOS/Source/tasks.o
                0x0800cc6c                xTaskPriorityDisinherit
 .text.vTaskPriorityDisinheritAfterTimeout
                0x0800cd4c      0x108 ./Middlewares/Third_Party/FreeRTOS/Source/tasks.o
                0x0800cd4c                vTaskPriorityDisinheritAfterTimeout
 .text.pvTaskIncrementMutexHeldCount
                0x0800ce54       0x28 ./Middlewares/Third_Party/FreeRTOS/Source/tasks.o
                0x0800ce54                pvTaskIncrementMutexHeldCount
 .text.prvAddCurrentTaskToDelayedList
                0x0800ce7c       0xa8 ./Middlewares/Third_Party/FreeRTOS/Source/tasks.o
 .text.xTimerCreateTimerTask
                0x0800cf24       0x94 ./Middlewares/Third_Party/FreeRTOS/Source/timers.o
                0x0800cf24                xTimerCreateTimerTask
 .text.xTimerGenericCommand
                0x0800cfb8       0x9c ./Middlewares/Third_Party/FreeRTOS/Source/timers.o
                0x0800cfb8                xTimerGenericCommand
 .text.prvProcessExpiredTimer
                0x0800d054       0x9c ./Middlewares/Third_Party/FreeRTOS/Source/timers.o
 .text.prvTimerTask
                0x0800d0f0       0x26 ./Middlewares/Third_Party/FreeRTOS/Source/timers.o
 *fill*         0x0800d116        0x2 
 .text.prvProcessTimerOrBlockTask
                0x0800d118       0x9c ./Middlewares/Third_Party/FreeRTOS/Source/timers.o
 .text.prvGetNextExpireTime
                0x0800d1b4       0x48 ./Middlewares/Third_Party/FreeRTOS/Source/timers.o
 .text.prvSampleTimeNow
                0x0800d1fc       0x40 ./Middlewares/Third_Party/FreeRTOS/Source/timers.o
 .text.prvInsertTimerInActiveList
                0x0800d23c       0x84 ./Middlewares/Third_Party/FreeRTOS/Source/timers.o
 .text.prvProcessReceivedCommands
                0x0800d2c0      0x1cc ./Middlewares/Third_Party/FreeRTOS/Source/timers.o
 .text.prvSwitchTimerLists
                0x0800d48c       0xcc ./Middlewares/Third_Party/FreeRTOS/Source/timers.o
 .text.prvCheckForValidListAndQueue
                0x0800d558       0x80 ./Middlewares/Third_Party/FreeRTOS/Source/timers.o
 .text.pxPortInitialiseStack
                0x0800d5d8       0x68 ./Middlewares/Third_Party/FreeRTOS/Source/portable/GCC/ARM_CM4F/port.o
                0x0800d5d8                pxPortInitialiseStack
 .text.prvTaskExitError
                0x0800d640       0x5c ./Middlewares/Third_Party/FreeRTOS/Source/portable/GCC/ARM_CM4F/port.o
 *fill*         0x0800d69c        0x4 
 .text.SVC_Handler
                0x0800d6a0       0x28 ./Middlewares/Third_Party/FreeRTOS/Source/portable/GCC/ARM_CM4F/port.o
                0x0800d6a0                SVC_Handler
 .text.prvPortStartFirstTask
                0x0800d6c8       0x28 ./Middlewares/Third_Party/FreeRTOS/Source/portable/GCC/ARM_CM4F/port.o
 .text.xPortStartScheduler
                0x0800d6f0      0x148 ./Middlewares/Third_Party/FreeRTOS/Source/portable/GCC/ARM_CM4F/port.o
                0x0800d6f0                xPortStartScheduler
 .text.vPortEnterCritical
                0x0800d838       0x64 ./Middlewares/Third_Party/FreeRTOS/Source/portable/GCC/ARM_CM4F/port.o
                0x0800d838                vPortEnterCritical
 .text.vPortExitCritical
                0x0800d89c       0x54 ./Middlewares/Third_Party/FreeRTOS/Source/portable/GCC/ARM_CM4F/port.o
                0x0800d89c                vPortExitCritical
 .text.PendSV_Handler
                0x0800d8f0       0x68 ./Middlewares/Third_Party/FreeRTOS/Source/portable/GCC/ARM_CM4F/port.o
                0x0800d8f0                PendSV_Handler
 .text.xPortSysTickHandler
                0x0800d958       0x44 ./Middlewares/Third_Party/FreeRTOS/Source/portable/GCC/ARM_CM4F/port.o
                0x0800d958                xPortSysTickHandler
 .text.vPortSetupTimerInterrupt
                0x0800d99c       0x48 ./Middlewares/Third_Party/FreeRTOS/Source/portable/GCC/ARM_CM4F/port.o
                0x0800d99c                vPortSetupTimerInterrupt
 .text.vPortEnableVFP
                0x0800d9e4       0x14 ./Middlewares/Third_Party/FreeRTOS/Source/portable/GCC/ARM_CM4F/port.o
 .text.vPortValidateInterruptPriority
                0x0800d9f8       0x84 ./Middlewares/Third_Party/FreeRTOS/Source/portable/GCC/ARM_CM4F/port.o
                0x0800d9f8                vPortValidateInterruptPriority
 .text.pvPortMalloc
                0x0800da7c      0x19c ./Middlewares/Third_Party/FreeRTOS/Source/portable/MemMang/heap_4.o
                0x0800da7c                pvPortMalloc
 .text.vPortFree
                0x0800dc18       0xc8 ./Middlewares/Third_Party/FreeRTOS/Source/portable/MemMang/heap_4.o
                0x0800dc18                vPortFree
 .text.prvHeapInit
                0x0800dce0       0xc4 ./Middlewares/Third_Party/FreeRTOS/Source/portable/MemMang/heap_4.o
 .text.prvInsertBlockIntoFreeList
                0x0800dda4       0xb4 ./Middlewares/Third_Party/FreeRTOS/Source/portable/MemMang/heap_4.o
 .text.__cvt    0x0800de58       0xca D:/Work/STM32CubeIDE_2.1.1/STM32CubeIDE/plugins/com.st.stm32cube.ide.mcu.externaltools.gnu-tools-for-stm32.14.3.rel1.win32_1.0.100.202602081740/tools/bin/../lib/gcc/arm-none-eabi/14.3.1/../../../../arm-none-eabi/lib/thumb/v7e-m+fp/hard\libc_nano.a(libc_a-nano-vfprintf_float.o)
                0x0800de58                __cvt
 .text.__exponent
                0x0800df22       0x74 D:/Work/STM32CubeIDE_2.1.1/STM32CubeIDE/plugins/com.st.stm32cube.ide.mcu.externaltools.gnu-tools-for-stm32.14.3.rel1.win32_1.0.100.202602081740/tools/bin/../lib/gcc/arm-none-eabi/14.3.1/../../../../arm-none-eabi/lib/thumb/v7e-m+fp/hard\libc_nano.a(libc_a-nano-vfprintf_float.o)
                0x0800df22                __exponent
 *fill*         0x0800df96        0x2 
 .text._printf_float
                0x0800df98      0x450 D:/Work/STM32CubeIDE_2.1.1/STM32CubeIDE/plugins/com.st.stm32cube.ide.mcu.externaltools.gnu-tools-for-stm32.14.3.rel1.win32_1.0.100.202602081740/tools/bin/../lib/gcc/arm-none-eabi/14.3.1/../../../../arm-none-eabi/lib/thumb/v7e-m+fp/hard\libc_nano.a(libc_a-nano-vfprintf_float.o)
                0x0800df98                _printf_float
 .text._printf_common
                0x0800e3e8       0xda D:/Work/STM32CubeIDE_2.1.1/STM32CubeIDE/plugins/com.st.stm32cube.ide.mcu.externaltools.gnu-tools-for-stm32.14.3.rel1.win32_1.0.100.202602081740/tools/bin/../lib/gcc/arm-none-eabi/14.3.1/../../../../arm-none-eabi/lib/thumb/v7e-m+fp/hard\libc_nano.a(libc_a-nano-vfprintf_i.o)
                0x0800e3e8                _printf_common
 *fill*         0x0800e4c2        0x2 
 .text._printf_i
                0x0800e4c4      0x24c D:/Work/STM32CubeIDE_2.1.1/STM32CubeIDE/plugins/com.st.stm32cube.ide.mcu.externaltools.gnu-tools-for-stm32.14.3.rel1.win32_1.0.100.202602081740/tools/bin/../lib/gcc/arm-none-eabi/14.3.1/../../../../arm-none-eabi/lib/thumb/v7e-m+fp/hard\libc_nano.a(libc_a-nano-vfprintf_i.o)
                0x0800e4c4                _printf_i
 .text._scanf_float
                0x0800e710      0x418 D:/Work/STM32CubeIDE_2.1.1/STM32CubeIDE/plugins/com.st.stm32cube.ide.mcu.externaltools.gnu-tools-for-stm32.14.3.rel1.win32_1.0.100.202602081740/tools/bin/../lib/gcc/arm-none-eabi/14.3.1/../../../../arm-none-eabi/lib/thumb/v7e-m+fp/hard\libc_nano.a(libc_a-nano-vfscanf_float.o)
                0x0800e710                _scanf_float
 .text.std      0x0800eb28       0x6c D:/Work/STM32CubeIDE_2.1.1/STM32CubeIDE/plugins/com.st.stm32cube.ide.mcu.externaltools.gnu-tools-for-stm32.14.3.rel1.win32_1.0.100.202602081740/tools/bin/../lib/gcc/arm-none-eabi/14.3.1/../../../../arm-none-eabi/lib/thumb/v7e-m+fp/hard\libc_nano.a(libc_a-findfp.o)
 .text.stdio_exit_handler
                0x0800eb94       0x18 D:/Work/STM32CubeIDE_2.1.1/STM32CubeIDE/plugins/com.st.stm32cube.ide.mcu.externaltools.gnu-tools-for-stm32.14.3.rel1.win32_1.0.100.202602081740/tools/bin/../lib/gcc/arm-none-eabi/14.3.1/../../../../arm-none-eabi/lib/thumb/v7e-m+fp/hard\libc_nano.a(libc_a-findfp.o)
 .text.cleanup_stdio
                0x0800ebac       0x40 D:/Work/STM32CubeIDE_2.1.1/STM32CubeIDE/plugins/com.st.stm32cube.ide.mcu.externaltools.gnu-tools-for-stm32.14.3.rel1.win32_1.0.100.202602081740/tools/bin/../lib/gcc/arm-none-eabi/14.3.1/../../../../arm-none-eabi/lib/thumb/v7e-m+fp/hard\libc_nano.a(libc_a-findfp.o)
 .text.global_stdio_init.part.0
                0x0800ebec       0x40 D:/Work/STM32CubeIDE_2.1.1/STM32CubeIDE/plugins/com.st.stm32cube.ide.mcu.externaltools.gnu-tools-for-stm32.14.3.rel1.win32_1.0.100.202602081740/tools/bin/../lib/gcc/arm-none-eabi/14.3.1/../../../../arm-none-eabi/lib/thumb/v7e-m+fp/hard\libc_nano.a(libc_a-findfp.o)
 .text.__sfp_lock_acquire
                0x0800ec2c        0xc D:/Work/STM32CubeIDE_2.1.1/STM32CubeIDE/plugins/com.st.stm32cube.ide.mcu.externaltools.gnu-tools-for-stm32.14.3.rel1.win32_1.0.100.202602081740/tools/bin/../lib/gcc/arm-none-eabi/14.3.1/../../../../arm-none-eabi/lib/thumb/v7e-m+fp/hard\libc_nano.a(libc_a-findfp.o)
                0x0800ec2c                __sfp_lock_acquire
 .text.__sfp_lock_release
                0x0800ec38        0xc D:/Work/STM32CubeIDE_2.1.1/STM32CubeIDE/plugins/com.st.stm32cube.ide.mcu.externaltools.gnu-tools-for-stm32.14.3.rel1.win32_1.0.100.202602081740/tools/bin/../lib/gcc/arm-none-eabi/14.3.1/../../../../arm-none-eabi/lib/thumb/v7e-m+fp/hard\libc_nano.a(libc_a-findfp.o)
                0x0800ec38                __sfp_lock_release
 .text.__sinit  0x0800ec44       0x30 D:/Work/STM32CubeIDE_2.1.1/STM32CubeIDE/plugins/com.st.stm32cube.ide.mcu.externaltools.gnu-tools-for-stm32.14.3.rel1.win32_1.0.100.202602081740/tools/bin/../lib/gcc/arm-none-eabi/14.3.1/../../../../arm-none-eabi/lib/thumb/v7e-m+fp/hard\libc_nano.a(libc_a-findfp.o)
                0x0800ec44                __sinit
 .text._fwalk_sglue
                0x0800ec74       0x3c D:/Work/STM32CubeIDE_2.1.1/STM32CubeIDE/plugins/com.st.stm32cube.ide.mcu.externaltools.gnu-tools-for-stm32.14.3.rel1.win32_1.0.100.202602081740/tools/bin/../lib/gcc/arm-none-eabi/14.3.1/../../../../arm-none-eabi/lib/thumb/v7e-m+fp/hard\libc_nano.a(libc_a-fwalk.o)
                0x0800ec74                _fwalk_sglue
 .text.printf   0x0800ecb0       0x24 D:/Work/STM32CubeIDE_2.1.1/STM32CubeIDE/plugins/com.st.stm32cube.ide.mcu.externaltools.gnu-tools-for-stm32.14.3.rel1.win32_1.0.100.202602081740/tools/bin/../lib/gcc/arm-none-eabi/14.3.1/../../../../arm-none-eabi/lib/thumb/v7e-m+fp/hard\libc_nano.a(libc_a-printf.o)
                0x0800ecb0                iprintf
                0x0800ecb0                printf
 .text.sprintf  0x0800ecd4       0x44 D:/Work/STM32CubeIDE_2.1.1/STM32CubeIDE/plugins/com.st.stm32cube.ide.mcu.externaltools.gnu-tools-for-stm32.14.3.rel1.win32_1.0.100.202602081740/tools/bin/../lib/gcc/arm-none-eabi/14.3.1/../../../../arm-none-eabi/lib/thumb/v7e-m+fp/hard\libc_nano.a(libc_a-sprintf.o)
                0x0800ecd4                siprintf
                0x0800ecd4                sprintf
 .text.__sread  0x0800ed18       0x22 D:/Work/STM32CubeIDE_2.1.1/STM32CubeIDE/plugins/com.st.stm32cube.ide.mcu.externaltools.gnu-tools-for-stm32.14.3.rel1.win32_1.0.100.202602081740/tools/bin/../lib/gcc/arm-none-eabi/14.3.1/../../../../arm-none-eabi/lib/thumb/v7e-m+fp/hard\libc_nano.a(libc_a-stdio.o)
                0x0800ed18                __sread
 .text.__swrite
                0x0800ed3a       0x38 D:/Work/STM32CubeIDE_2.1.1/STM32CubeIDE/plugins/com.st.stm32cube.ide.mcu.externaltools.gnu-tools-for-stm32.14.3.rel1.win32_1.0.100.202602081740/tools/bin/../lib/gcc/arm-none-eabi/14.3.1/../../../../arm-none-eabi/lib/thumb/v7e-m+fp/hard\libc_nano.a(libc_a-stdio.o)
                0x0800ed3a                __swrite
 .text.__sseek  0x0800ed72       0x26 D:/Work/STM32CubeIDE_2.1.1/STM32CubeIDE/plugins/com.st.stm32cube.ide.mcu.externaltools.gnu-tools-for-stm32.14.3.rel1.win32_1.0.100.202602081740/tools/bin/../lib/gcc/arm-none-eabi/14.3.1/../../../../arm-none-eabi/lib/thumb/v7e-m+fp/hard\libc_nano.a(libc_a-stdio.o)
                0x0800ed72                __sseek
 .text.__sclose
                0x0800ed98        0x8 D:/Work/STM32CubeIDE_2.1.1/STM32CubeIDE/plugins/com.st.stm32cube.ide.mcu.externaltools.gnu-tools-for-stm32.14.3.rel1.win32_1.0.100.202602081740/tools/bin/../lib/gcc/arm-none-eabi/14.3.1/../../../../arm-none-eabi/lib/thumb/v7e-m+fp/hard\libc_nano.a(libc_a-stdio.o)
                0x0800ed98                __sclose
 .text.memset   0x0800eda0       0x10 D:/Work/STM32CubeIDE_2.1.1/STM32CubeIDE/plugins/com.st.stm32cube.ide.mcu.externaltools.gnu-tools-for-stm32.14.3.rel1.win32_1.0.100.202602081740/tools/bin/../lib/gcc/arm-none-eabi/14.3.1/../../../../arm-none-eabi/lib/thumb/v7e-m+fp/hard\libc_nano.a(libc_a-memset.o)
                0x0800eda0                memset
 .text.strncpy  0x0800edb0       0x26 D:/Work/STM32CubeIDE_2.1.1/STM32CubeIDE/plugins/com.st.stm32cube.ide.mcu.externaltools.gnu-tools-for-stm32.14.3.rel1.win32_1.0.100.202602081740/tools/bin/../lib/gcc/arm-none-eabi/14.3.1/../../../../arm-none-eabi/lib/thumb/v7e-m+fp/hard\libc_nano.a(libc_a-strncpy.o)
                0x0800edb0                strncpy
 *fill*         0x0800edd6        0x2 
 .text._localeconv_r
                0x0800edd8        0x8 D:/Work/STM32CubeIDE_2.1.1/STM32CubeIDE/plugins/com.st.stm32cube.ide.mcu.externaltools.gnu-tools-for-stm32.14.3.rel1.win32_1.0.100.202602081740/tools/bin/../lib/gcc/arm-none-eabi/14.3.1/../../../../arm-none-eabi/lib/thumb/v7e-m+fp/hard\libc_nano.a(libc_a-localeconv.o)
                0x0800edd8                _localeconv_r
 .text._close_r
                0x0800ede0       0x20 D:/Work/STM32CubeIDE_2.1.1/STM32CubeIDE/plugins/com.st.stm32cube.ide.mcu.externaltools.gnu-tools-for-stm32.14.3.rel1.win32_1.0.100.202602081740/tools/bin/../lib/gcc/arm-none-eabi/14.3.1/../../../../arm-none-eabi/lib/thumb/v7e-m+fp/hard\libc_nano.a(libc_a-closer.o)
                0x0800ede0                _close_r
 .text._reclaim_reent
                0x0800ee00       0xbc D:/Work/STM32CubeIDE_2.1.1/STM32CubeIDE/plugins/com.st.stm32cube.ide.mcu.externaltools.gnu-tools-for-stm32.14.3.rel1.win32_1.0.100.202602081740/tools/bin/../lib/gcc/arm-none-eabi/14.3.1/../../../../arm-none-eabi/lib/thumb/v7e-m+fp/hard\libc_nano.a(libc_a-reent.o)
                0x0800ee00                _reclaim_reent
 .text._lseek_r
                0x0800eebc       0x24 D:/Work/STM32CubeIDE_2.1.1/STM32CubeIDE/plugins/com.st.stm32cube.ide.mcu.externaltools.gnu-tools-for-stm32.14.3.rel1.win32_1.0.100.202602081740/tools/bin/../lib/gcc/arm-none-eabi/14.3.1/../../../../arm-none-eabi/lib/thumb/v7e-m+fp/hard\libc_nano.a(libc_a-lseekr.o)
                0x0800eebc                _lseek_r
 .text._read_r  0x0800eee0       0x24 D:/Work/STM32CubeIDE_2.1.1/STM32CubeIDE/plugins/com.st.stm32cube.ide.mcu.externaltools.gnu-tools-for-stm32.14.3.rel1.win32_1.0.100.202602081740/tools/bin/../lib/gcc/arm-none-eabi/14.3.1/../../../../arm-none-eabi/lib/thumb/v7e-m+fp/hard\libc_nano.a(libc_a-readr.o)
                0x0800eee0                _read_r
 .text._write_r
                0x0800ef04       0x24 D:/Work/STM32CubeIDE_2.1.1/STM32CubeIDE/plugins/com.st.stm32cube.ide.mcu.externaltools.gnu-tools-for-stm32.14.3.rel1.win32_1.0.100.202602081740/tools/bin/../lib/gcc/arm-none-eabi/14.3.1/../../../../arm-none-eabi/lib/thumb/v7e-m+fp/hard\libc_nano.a(libc_a-writer.o)
                0x0800ef04                _write_r
 .text.__errno  0x0800ef28        0xc D:/Work/STM32CubeIDE_2.1.1/STM32CubeIDE/plugins/com.st.stm32cube.ide.mcu.externaltools.gnu-tools-for-stm32.14.3.rel1.win32_1.0.100.202602081740/tools/bin/../lib/gcc/arm-none-eabi/14.3.1/../../../../arm-none-eabi/lib/thumb/v7e-m+fp/hard\libc_nano.a(libc_a-errno.o)
                0x0800ef28                __errno
 .text.__libc_init_array
                0x0800ef34       0x48 D:/Work/STM32CubeIDE_2.1.1/STM32CubeIDE/plugins/com.st.stm32cube.ide.mcu.externaltools.gnu-tools-for-stm32.14.3.rel1.win32_1.0.100.202602081740/tools/bin/../lib/gcc/arm-none-eabi/14.3.1/../../../../arm-none-eabi/lib/thumb/v7e-m+fp/hard\libc_nano.a(libc_a-init.o)
                0x0800ef34                __libc_init_array
 .text.__retarget_lock_init_recursive
                0x0800ef7c        0x2 D:/Work/STM32CubeIDE_2.1.1/STM32CubeIDE/plugins/com.st.stm32cube.ide.mcu.externaltools.gnu-tools-for-stm32.14.3.rel1.win32_1.0.100.202602081740/tools/bin/../lib/gcc/arm-none-eabi/14.3.1/../../../../arm-none-eabi/lib/thumb/v7e-m+fp/hard\libc_nano.a(libc_a-lock.o)
                0x0800ef7c                __retarget_lock_init_recursive
 .text.__retarget_lock_acquire_recursive
                0x0800ef7e        0x2 D:/Work/STM32CubeIDE_2.1.1/STM32CubeIDE/plugins/com.st.stm32cube.ide.mcu.externaltools.gnu-tools-for-stm32.14.3.rel1.win32_1.0.100.202602081740/tools/bin/../lib/gcc/arm-none-eabi/14.3.1/../../../../arm-none-eabi/lib/thumb/v7e-m+fp/hard\libc_nano.a(libc_a-lock.o)
                0x0800ef7e                __retarget_lock_acquire_recursive
 .text.__retarget_lock_release_recursive
                0x0800ef80        0x2 D:/Work/STM32CubeIDE_2.1.1/STM32CubeIDE/plugins/com.st.stm32cube.ide.mcu.externaltools.gnu-tools-for-stm32.14.3.rel1.win32_1.0.100.202602081740/tools/bin/../lib/gcc/arm-none-eabi/14.3.1/../../../../arm-none-eabi/lib/thumb/v7e-m+fp/hard\libc_nano.a(libc_a-lock.o)
                0x0800ef80                __retarget_lock_release_recursive
 .text.memcpy   0x0800ef82       0x1c D:/Work/STM32CubeIDE_2.1.1/STM32CubeIDE/plugins/com.st.stm32cube.ide.mcu.externaltools.gnu-tools-for-stm32.14.3.rel1.win32_1.0.100.202602081740/tools/bin/../lib/gcc/arm-none-eabi/14.3.1/../../../../arm-none-eabi/lib/thumb/v7e-m+fp/hard\libc_nano.a(libc_a-memcpy-stub.o)
                0x0800ef82                memcpy
 *fill*         0x0800ef9e        0x2 
 .text.nanf     0x0800efa0        0xc D:/Work/STM32CubeIDE_2.1.1/STM32CubeIDE/plugins/com.st.stm32cube.ide.mcu.externaltools.gnu-tools-for-stm32.14.3.rel1.win32_1.0.100.202602081740/tools/bin/../lib/gcc/arm-none-eabi/14.3.1/../../../../arm-none-eabi/lib/thumb/v7e-m+fp/hard\libc_nano.a(libm_a-sf_nan.o)
                0x0800efa0                nanf
 .text.quorem   0x0800efac      0x110 D:/Work/STM32CubeIDE_2.1.1/STM32CubeIDE/plugins/com.st.stm32cube.ide.mcu.externaltools.gnu-tools-for-stm32.14.3.rel1.win32_1.0.100.202602081740/tools/bin/../lib/gcc/arm-none-eabi/14.3.1/../../../../arm-none-eabi/lib/thumb/v7e-m+fp/hard\libc_nano.a(libc_a-dtoa.o)
 *fill*         0x0800f0bc        0x4 
 .text._dtoa_r  0x0800f0c0      0xbb8 D:/Work/STM32CubeIDE_2.1.1/STM32CubeIDE/plugins/com.st.stm32cube.ide.mcu.externaltools.gnu-tools-for-stm32.14.3.rel1.win32_1.0.100.202602081740/tools/bin/../lib/gcc/arm-none-eabi/14.3.1/../../../../arm-none-eabi/lib/thumb/v7e-m+fp/hard\libc_nano.a(libc_a-dtoa.o)
                0x0800f0c0                _dtoa_r
 .text._free_r  0x0800fc78       0x94 D:/Work/STM32CubeIDE_2.1.1/STM32CubeIDE/plugins/com.st.stm32cube.ide.mcu.externaltools.gnu-tools-for-stm32.14.3.rel1.win32_1.0.100.202602081740/tools/bin/../lib/gcc/arm-none-eabi/14.3.1/../../../../arm-none-eabi/lib/thumb/v7e-m+fp/hard\libc_nano.a(libc_a-freer.o)
                0x0800fc78                _free_r
 .text.malloc   0x0800fd0c       0x10 D:/Work/STM32CubeIDE_2.1.1/STM32CubeIDE/plugins/com.st.stm32cube.ide.mcu.externaltools.gnu-tools-for-stm32.14.3.rel1.win32_1.0.100.202602081740/tools/bin/../lib/gcc/arm-none-eabi/14.3.1/../../../../arm-none-eabi/lib/thumb/v7e-m+fp/hard\libc_nano.a(libc_a-malloc.o)
                0x0800fd0c                malloc
 .text.sbrk_aligned
                0x0800fd1c       0x44 D:/Work/STM32CubeIDE_2.1.1/STM32CubeIDE/plugins/com.st.stm32cube.ide.mcu.externaltools.gnu-tools-for-stm32.14.3.rel1.win32_1.0.100.202602081740/tools/bin/../lib/gcc/arm-none-eabi/14.3.1/../../../../arm-none-eabi/lib/thumb/v7e-m+fp/hard\libc_nano.a(libc_a-mallocr.o)
 .text._malloc_r
                0x0800fd60      0x100 D:/Work/STM32CubeIDE_2.1.1/STM32CubeIDE/plugins/com.st.stm32cube.ide.mcu.externaltools.gnu-tools-for-stm32.14.3.rel1.win32_1.0.100.202602081740/tools/bin/../lib/gcc/arm-none-eabi/14.3.1/../../../../arm-none-eabi/lib/thumb/v7e-m+fp/hard\libc_nano.a(libc_a-mallocr.o)
                0x0800fd60                _malloc_r
 .text.__malloc_lock
                0x0800fe60        0xc D:/Work/STM32CubeIDE_2.1.1/STM32CubeIDE/plugins/com.st.stm32cube.ide.mcu.externaltools.gnu-tools-for-stm32.14.3.rel1.win32_1.0.100.202602081740/tools/bin/../lib/gcc/arm-none-eabi/14.3.1/../../../../arm-none-eabi/lib/thumb/v7e-m+fp/hard\libc_nano.a(libc_a-mlock.o)
                0x0800fe60                __malloc_lock
 .text.__malloc_unlock
                0x0800fe6c        0xc D:/Work/STM32CubeIDE_2.1.1/STM32CubeIDE/plugins/com.st.stm32cube.ide.mcu.externaltools.gnu-tools-for-stm32.14.3.rel1.win32_1.0.100.202602081740/tools/bin/../lib/gcc/arm-none-eabi/14.3.1/../../../../arm-none-eabi/lib/thumb/v7e-m+fp/hard\libc_nano.a(libc_a-mlock.o)
                0x0800fe6c                __malloc_unlock
 .text._Balloc  0x0800fe78       0x7c D:/Work/STM32CubeIDE_2.1.1/STM32CubeIDE/plugins/com.st.stm32cube.ide.mcu.externaltools.gnu-tools-for-stm32.14.3.rel1.win32_1.0.100.202602081740/tools/bin/../lib/gcc/arm-none-eabi/14.3.1/../../../../arm-none-eabi/lib/thumb/v7e-m+fp/hard\libc_nano.a(libc_a-mprec.o)
                0x0800fe78                _Balloc
 .text._Bfree   0x0800fef4       0x44 D:/Work/STM32CubeIDE_2.1.1/STM32CubeIDE/plugins/com.st.stm32cube.ide.mcu.externaltools.gnu-tools-for-stm32.14.3.rel1.win32_1.0.100.202602081740/tools/bin/../lib/gcc/arm-none-eabi/14.3.1/../../../../arm-none-eabi/lib/thumb/v7e-m+fp/hard\libc_nano.a(libc_a-mprec.o)
                0x0800fef4                _Bfree
 .text.__multadd
                0x0800ff38       0x8c D:/Work/STM32CubeIDE_2.1.1/STM32CubeIDE/plugins/com.st.stm32cube.ide.mcu.externaltools.gnu-tools-for-stm32.14.3.rel1.win32_1.0.100.202602081740/tools/bin/../lib/gcc/arm-none-eabi/14.3.1/../../../../arm-none-eabi/lib/thumb/v7e-m+fp/hard\libc_nano.a(libc_a-mprec.o)
                0x0800ff38                __multadd
 .text.__s2b    0x0800ffc4       0x94 D:/Work/STM32CubeIDE_2.1.1/STM32CubeIDE/plugins/com.st.stm32cube.ide.mcu.externaltools.gnu-tools-for-stm32.14.3.rel1.win32_1.0.100.202602081740/tools/bin/../lib/gcc/arm-none-eabi/14.3.1/../../../../arm-none-eabi/lib/thumb/v7e-m+fp/hard\libc_nano.a(libc_a-mprec.o)
                0x0800ffc4                __s2b
 .text.__hi0bits
                0x08010058       0x3e D:/Work/STM32CubeIDE_2.1.1/STM32CubeIDE/plugins/com.st.stm32cube.ide.mcu.externaltools.gnu-tools-for-stm32.14.3.rel1.win32_1.0.100.202602081740/tools/bin/../lib/gcc/arm-none-eabi/14.3.1/../../../../arm-none-eabi/lib/thumb/v7e-m+fp/hard\libc_nano.a(libc_a-mprec.o)
                0x08010058                __hi0bits
 .text.__lo0bits
                0x08010096       0x5a D:/Work/STM32CubeIDE_2.1.1/STM32CubeIDE/plugins/com.st.stm32cube.ide.mcu.externaltools.gnu-tools-for-stm32.14.3.rel1.win32_1.0.100.202602081740/tools/bin/../lib/gcc/arm-none-eabi/14.3.1/../../../../arm-none-eabi/lib/thumb/v7e-m+fp/hard\libc_nano.a(libc_a-mprec.o)
                0x08010096                __lo0bits
 .text.__i2b    0x080100f0       0x2c D:/Work/STM32CubeIDE_2.1.1/STM32CubeIDE/plugins/com.st.stm32cube.ide.mcu.externaltools.gnu-tools-for-stm32.14.3.rel1.win32_1.0.100.202602081740/tools/bin/../lib/gcc/arm-none-eabi/14.3.1/../../../../arm-none-eabi/lib/thumb/v7e-m+fp/hard\libc_nano.a(libc_a-mprec.o)
                0x080100f0                __i2b
 .text.__multiply
                0x0801011c      0x154 D:/Work/STM32CubeIDE_2.1.1/STM32CubeIDE/plugins/com.st.stm32cube.ide.mcu.externaltools.gnu-tools-for-stm32.14.3.rel1.win32_1.0.100.202602081740/tools/bin/../lib/gcc/arm-none-eabi/14.3.1/../../../../arm-none-eabi/lib/thumb/v7e-m+fp/hard\libc_nano.a(libc_a-mprec.o)
                0x0801011c                __multiply
 .text.__pow5mult
                0x08010270       0xb8 D:/Work/STM32CubeIDE_2.1.1/STM32CubeIDE/plugins/com.st.stm32cube.ide.mcu.externaltools.gnu-tools-for-stm32.14.3.rel1.win32_1.0.100.202602081740/tools/bin/../lib/gcc/arm-none-eabi/14.3.1/../../../../arm-none-eabi/lib/thumb/v7e-m+fp/hard\libc_nano.a(libc_a-mprec.o)
                0x08010270                __pow5mult
 .text.__lshift
                0x08010328       0xdc D:/Work/STM32CubeIDE_2.1.1/STM32CubeIDE/plugins/com.st.stm32cube.ide.mcu.externaltools.gnu-tools-for-stm32.14.3.rel1.win32_1.0.100.202602081740/tools/bin/../lib/gcc/arm-none-eabi/14.3.1/../../../../arm-none-eabi/lib/thumb/v7e-m+fp/hard\libc_nano.a(libc_a-mprec.o)
                0x08010328                __lshift
 .text.__mcmp   0x08010404       0x36 D:/Work/STM32CubeIDE_2.1.1/STM32CubeIDE/plugins/com.st.stm32cube.ide.mcu.externaltools.gnu-tools-for-stm32.14.3.rel1.win32_1.0.100.202602081740/tools/bin/../lib/gcc/arm-none-eabi/14.3.1/../../../../arm-none-eabi/lib/thumb/v7e-m+fp/hard\libc_nano.a(libc_a-mprec.o)
                0x08010404                __mcmp
 *fill*         0x0801043a        0x2 
 .text.__mdiff  0x0801043c      0x130 D:/Work/STM32CubeIDE_2.1.1/STM32CubeIDE/plugins/com.st.stm32cube.ide.mcu.externaltools.gnu-tools-for-stm32.14.3.rel1.win32_1.0.100.202602081740/tools/bin/../lib/gcc/arm-none-eabi/14.3.1/../../../../arm-none-eabi/lib/thumb/v7e-m+fp/hard\libc_nano.a(libc_a-mprec.o)
                0x0801043c                __mdiff
 .text.__ulp    0x0801056c       0x4c D:/Work/STM32CubeIDE_2.1.1/STM32CubeIDE/plugins/com.st.stm32cube.ide.mcu.externaltools.gnu-tools-for-stm32.14.3.rel1.win32_1.0.100.202602081740/tools/bin/../lib/gcc/arm-none-eabi/14.3.1/../../../../arm-none-eabi/lib/thumb/v7e-m+fp/hard\libc_nano.a(libc_a-mprec.o)
                0x0801056c                __ulp
 .text.__b2d    0x080105b8       0x94 D:/Work/STM32CubeIDE_2.1.1/STM32CubeIDE/plugins/com.st.stm32cube.ide.mcu.externaltools.gnu-tools-for-stm32.14.3.rel1.win32_1.0.100.202602081740/tools/bin/../lib/gcc/arm-none-eabi/14.3.1/../../../../arm-none-eabi/lib/thumb/v7e-m+fp/hard\libc_nano.a(libc_a-mprec.o)
                0x080105b8                __b2d
 .text.__d2b    0x0801064c       0xb0 D:/Work/STM32CubeIDE_2.1.1/STM32CubeIDE/plugins/com.st.stm32cube.ide.mcu.externaltools.gnu-tools-for-stm32.14.3.rel1.win32_1.0.100.202602081740/tools/bin/../lib/gcc/arm-none-eabi/14.3.1/../../../../arm-none-eabi/lib/thumb/v7e-m+fp/hard\libc_nano.a(libc_a-mprec.o)
                0x0801064c                __d2b
 .text.__ratio  0x080106fc       0x64 D:/Work/STM32CubeIDE_2.1.1/STM32CubeIDE/plugins/com.st.stm32cube.ide.mcu.externaltools.gnu-tools-for-stm32.14.3.rel1.win32_1.0.100.202602081740/tools/bin/../lib/gcc/arm-none-eabi/14.3.1/../../../../arm-none-eabi/lib/thumb/v7e-m+fp/hard\libc_nano.a(libc_a-mprec.o)
                0x080106fc                __ratio
 .text.__copybits
                0x08010760       0x46 D:/Work/STM32CubeIDE_2.1.1/STM32CubeIDE/plugins/com.st.stm32cube.ide.mcu.externaltools.gnu-tools-for-stm32.14.3.rel1.win32_1.0.100.202602081740/tools/bin/../lib/gcc/arm-none-eabi/14.3.1/../../../../arm-none-eabi/lib/thumb/v7e-m+fp/hard\libc_nano.a(libc_a-mprec.o)
                0x08010760                __copybits
 .text.__any_on
                0x080107a6       0x42 D:/Work/STM32CubeIDE_2.1.1/STM32CubeIDE/plugins/com.st.stm32cube.ide.mcu.externaltools.gnu-tools-for-stm32.14.3.rel1.win32_1.0.100.202602081740/tools/bin/../lib/gcc/arm-none-eabi/14.3.1/../../../../arm-none-eabi/lib/thumb/v7e-m+fp/hard\libc_nano.a(libc_a-mprec.o)
                0x080107a6                __any_on
 .text.sulp     0x080107e8       0x3c D:/Work/STM32CubeIDE_2.1.1/STM32CubeIDE/plugins/com.st.stm32cube.ide.mcu.externaltools.gnu-tools-for-stm32.14.3.rel1.win32_1.0.100.202602081740/tools/bin/../lib/gcc/arm-none-eabi/14.3.1/../../../../arm-none-eabi/lib/thumb/v7e-m+fp/hard\libc_nano.a(libc_a-strtod.o)
 *fill*         0x08010824        0x4 
 .text._strtod_l
                0x08010828      0xbb8 D:/Work/STM32CubeIDE_2.1.1/STM32CubeIDE/plugins/com.st.stm32cube.ide.mcu.externaltools.gnu-tools-for-stm32.14.3.rel1.win32_1.0.100.202602081740/tools/bin/../lib/gcc/arm-none-eabi/14.3.1/../../../../arm-none-eabi/lib/thumb/v7e-m+fp/hard\libc_nano.a(libc_a-strtod.o)
                0x08010828                _strtod_l
 .text._strtod_r
                0x080113e0        0xc D:/Work/STM32CubeIDE_2.1.1/STM32CubeIDE/plugins/com.st.stm32cube.ide.mcu.externaltools.gnu-tools-for-stm32.14.3.rel1.win32_1.0.100.202602081740/tools/bin/../lib/gcc/arm-none-eabi/14.3.1/../../../../arm-none-eabi/lib/thumb/v7e-m+fp/hard\libc_nano.a(libc_a-strtod.o)
                0x080113e0                _strtod_r
 .text._strtol_l.isra.0
                0x080113ec       0xf4 D:/Work/STM32CubeIDE_2.1.1/STM32CubeIDE/plugins/com.st.stm32cube.ide.mcu.externaltools.gnu-tools-for-stm32.14.3.rel1.win32_1.0.100.202602081740/tools/bin/../lib/gcc/arm-none-eabi/14.3.1/../../../../arm-none-eabi/lib/thumb/v7e-m+fp/hard\libc_nano.a(libc_a-strtol.o)
 .text._strtol_r
                0x080114e0        0x4 D:/Work/STM32CubeIDE_2.1.1/STM32CubeIDE/plugins/com.st.stm32cube.ide.mcu.externaltools.gnu-tools-for-stm32.14.3.rel1.win32_1.0.100.202602081740/tools/bin/../lib/gcc/arm-none-eabi/14.3.1/../../../../arm-none-eabi/lib/thumb/v7e-m+fp/hard\libc_nano.a(libc_a-strtol.o)
                0x080114e0                _strtol_r
 .text.__ssputs_r
                0x080114e4       0xc0 D:/Work/STM32CubeIDE_2.1.1/STM32CubeIDE/plugins/com.st.stm32cube.ide.mcu.externaltools.gnu-tools-for-stm32.14.3.rel1.win32_1.0.100.202602081740/tools/bin/../lib/gcc/arm-none-eabi/14.3.1/../../../../arm-none-eabi/lib/thumb/v7e-m+fp/hard\libc_nano.a(libc_a-nano-svfprintf.o)
                0x080114e4                __ssputs_r
 .text._svfprintf_r
                0x080115a4      0x1f0 D:/Work/STM32CubeIDE_2.1.1/STM32CubeIDE/plugins/com.st.stm32cube.ide.mcu.externaltools.gnu-tools-for-stm32.14.3.rel1.win32_1.0.100.202602081740/tools/bin/../lib/gcc/arm-none-eabi/14.3.1/../../../../arm-none-eabi/lib/thumb/v7e-m+fp/hard\libc_nano.a(libc_a-nano-svfprintf.o)
                0x080115a4                _svfiprintf_r
                0x080115a4                _svfprintf_r
 .text.__sfputc_r
                0x08011794       0x2e D:/Work/STM32CubeIDE_2.1.1/STM32CubeIDE/plugins/com.st.stm32cube.ide.mcu.externaltools.gnu-tools-for-stm32.14.3.rel1.win32_1.0.100.202602081740/tools/bin/../lib/gcc/arm-none-eabi/14.3.1/../../../../arm-none-eabi/lib/thumb/v7e-m+fp/hard\libc_nano.a(libc_a-nano-vfprintf.o)
 .text.__sfputs_r
                0x080117c2       0x24 D:/Work/STM32CubeIDE_2.1.1/STM32CubeIDE/plugins/com.st.stm32cube.ide.mcu.externaltools.gnu-tools-for-stm32.14.3.rel1.win32_1.0.100.202602081740/tools/bin/../lib/gcc/arm-none-eabi/14.3.1/../../../../arm-none-eabi/lib/thumb/v7e-m+fp/hard\libc_nano.a(libc_a-nano-vfprintf.o)
                0x080117c2                __sfputs_r
 *fill*         0x080117e6        0x2 
 .text._vfprintf_r
                0x080117e8      0x228 D:/Work/STM32CubeIDE_2.1.1/STM32CubeIDE/plugins/com.st.stm32cube.ide.mcu.externaltools.gnu-tools-for-stm32.14.3.rel1.win32_1.0.100.202602081740/tools/bin/../lib/gcc/arm-none-eabi/14.3.1/../../../../arm-none-eabi/lib/thumb/v7e-m+fp/hard\libc_nano.a(libc_a-nano-vfprintf.o)
                0x080117e8                _vfprintf_r
                0x080117e8                _vfiprintf_r
 .text.__sflush_r
                0x08011a10      0x104 D:/Work/STM32CubeIDE_2.1.1/STM32CubeIDE/plugins/com.st.stm32cube.ide.mcu.externaltools.gnu-tools-for-stm32.14.3.rel1.win32_1.0.100.202602081740/tools/bin/../lib/gcc/arm-none-eabi/14.3.1/../../../../arm-none-eabi/lib/thumb/v7e-m+fp/hard\libc_nano.a(libc_a-fflush.o)
                0x08011a10                __sflush_r
 .text._fflush_r
                0x08011b14       0x50 D:/Work/STM32CubeIDE_2.1.1/STM32CubeIDE/plugins/com.st.stm32cube.ide.mcu.externaltools.gnu-tools-for-stm32.14.3.rel1.win32_1.0.100.202602081740/tools/bin/../lib/gcc/arm-none-eabi/14.3.1/../../../../arm-none-eabi/lib/thumb/v7e-m+fp/hard\libc_nano.a(libc_a-fflush.o)
                0x08011b14                _fflush_r
 .text.__swbuf_r
                0x08011b64       0x7c D:/Work/STM32CubeIDE_2.1.1/STM32CubeIDE/plugins/com.st.stm32cube.ide.mcu.externaltools.gnu-tools-for-stm32.14.3.rel1.win32_1.0.100.202602081740/tools/bin/../lib/gcc/arm-none-eabi/14.3.1/../../../../arm-none-eabi/lib/thumb/v7e-m+fp/hard\libc_nano.a(libc_a-wbuf.o)
                0x08011b64                __swbuf_r
 .text.__swsetup_r
                0x08011be0       0xa8 D:/Work/STM32CubeIDE_2.1.1/STM32CubeIDE/plugins/com.st.stm32cube.ide.mcu.externaltools.gnu-tools-for-stm32.14.3.rel1.win32_1.0.100.202602081740/tools/bin/../lib/gcc/arm-none-eabi/14.3.1/../../../../arm-none-eabi/lib/thumb/v7e-m+fp/hard\libc_nano.a(libc_a-wsetup.o)
                0x08011be0                __swsetup_r
 .text.memmove  0x08011c88       0x32 D:/Work/STM32CubeIDE_2.1.1/STM32CubeIDE/plugins/com.st.stm32cube.ide.mcu.externaltools.gnu-tools-for-stm32.14.3.rel1.win32_1.0.100.202602081740/tools/bin/../lib/gcc/arm-none-eabi/14.3.1/../../../../arm-none-eabi/lib/thumb/v7e-m+fp/hard\libc_nano.a(libc_a-memmove.o)
                0x08011c88                memmove
 .text.strncmp  0x08011cba       0x24 D:/Work/STM32CubeIDE_2.1.1/STM32CubeIDE/plugins/com.st.stm32cube.ide.mcu.externaltools.gnu-tools-for-stm32.14.3.rel1.win32_1.0.100.202602081740/tools/bin/../lib/gcc/arm-none-eabi/14.3.1/../../../../arm-none-eabi/lib/thumb/v7e-m+fp/hard\libc_nano.a(libc_a-strncmp.o)
                0x08011cba                strncmp
 *fill*         0x08011cde        0x2 
 .text._sbrk_r  0x08011ce0       0x20 D:/Work/STM32CubeIDE_2.1.1/STM32CubeIDE/plugins/com.st.stm32cube.ide.mcu.externaltools.gnu-tools-for-stm32.14.3.rel1.win32_1.0.100.202602081740/tools/bin/../lib/gcc/arm-none-eabi/14.3.1/../../../../arm-none-eabi/lib/thumb/v7e-m+fp/hard\libc_nano.a(libc_a-sbrkr.o)
                0x08011ce0                _sbrk_r
 .text.nan      0x08011d00       0x10 D:/Work/STM32CubeIDE_2.1.1/STM32CubeIDE/plugins/com.st.stm32cube.ide.mcu.externaltools.gnu-tools-for-stm32.14.3.rel1.win32_1.0.100.202602081740/tools/bin/../lib/gcc/arm-none-eabi/14.3.1/../../../../arm-none-eabi/lib/thumb/v7e-m+fp/hard\libc_nano.a(libm_a-s_nan.o)
                0x08011d00                nan
 .text.__assert_func
                0x08011d10       0x3c D:/Work/STM32CubeIDE_2.1.1/STM32CubeIDE/plugins/com.st.stm32cube.ide.mcu.externaltools.gnu-tools-for-stm32.14.3.rel1.win32_1.0.100.202602081740/tools/bin/../lib/gcc/arm-none-eabi/14.3.1/../../../../arm-none-eabi/lib/thumb/v7e-m+fp/hard\libc_nano.a(libc_a-assert.o)
                0x08011d10                __assert_func
 .text._calloc_r
                0x08011d4c       0x28 D:/Work/STM32CubeIDE_2.1.1/STM32CubeIDE/plugins/com.st.stm32cube.ide.mcu.externaltools.gnu-tools-for-stm32.14.3.rel1.win32_1.0.100.202602081740/tools/bin/../lib/gcc/arm-none-eabi/14.3.1/../../../../arm-none-eabi/lib/thumb/v7e-m+fp/hard\libc_nano.a(libc_a-callocr.o)
                0x08011d4c                _calloc_r
 .text.rshift   0x08011d74       0xa4 D:/Work/STM32CubeIDE_2.1.1/STM32CubeIDE/plugins/com.st.stm32cube.ide.mcu.externaltools.gnu-tools-for-stm32.14.3.rel1.win32_1.0.100.202602081740/tools/bin/../lib/gcc/arm-none-eabi/14.3.1/../../../../arm-none-eabi/lib/thumb/v7e-m+fp/hard\libc_nano.a(libc_a-gdtoa-gethex.o)
 .text.__hexdig_fun
                0x08011e18       0x2a D:/Work/STM32CubeIDE_2.1.1/STM32CubeIDE/plugins/com.st.stm32cube.ide.mcu.externaltools.gnu-tools-for-stm32.14.3.rel1.win32_1.0.100.202602081740/tools/bin/../lib/gcc/arm-none-eabi/14.3.1/../../../../arm-none-eabi/lib/thumb/v7e-m+fp/hard\libc_nano.a(libc_a-gdtoa-gethex.o)
                0x08011e18                __hexdig_fun
 *fill*         0x08011e42        0x2 
 .text.__gethex
                0x08011e44      0x420 D:/Work/STM32CubeIDE_2.1.1/STM32CubeIDE/plugins/com.st.stm32cube.ide.mcu.externaltools.gnu-tools-for-stm32.14.3.rel1.win32_1.0.100.202602081740/tools/bin/../lib/gcc/arm-none-eabi/14.3.1/../../../../arm-none-eabi/lib/thumb/v7e-m+fp/hard\libc_nano.a(libc_a-gdtoa-gethex.o)
                0x08011e44                __gethex
 .text.L_shift  0x08012264       0x24 D:/Work/STM32CubeIDE_2.1.1/STM32CubeIDE/plugins/com.st.stm32cube.ide.mcu.externaltools.gnu-tools-for-stm32.14.3.rel1.win32_1.0.100.202602081740/tools/bin/../lib/gcc/arm-none-eabi/14.3.1/../../../../arm-none-eabi/lib/thumb/v7e-m+fp/hard\libc_nano.a(libc_a-gdtoa-hexnan.o)
 .text.__match  0x08012288       0x28 D:/Work/STM32CubeIDE_2.1.1/STM32CubeIDE/plugins/com.st.stm32cube.ide.mcu.externaltools.gnu-tools-for-stm32.14.3.rel1.win32_1.0.100.202602081740/tools/bin/../lib/gcc/arm-none-eabi/14.3.1/../../../../arm-none-eabi/lib/thumb/v7e-m+fp/hard\libc_nano.a(libc_a-gdtoa-hexnan.o)
                0x08012288                __match
 .text.__hexnan
                0x080122b0      0x13a D:/Work/STM32CubeIDE_2.1.1/STM32CubeIDE/plugins/com.st.stm32cube.ide.mcu.externaltools.gnu-tools-for-stm32.14.3.rel1.win32_1.0.100.202602081740/tools/bin/../lib/gcc/arm-none-eabi/14.3.1/../../../../arm-none-eabi/lib/thumb/v7e-m+fp/hard\libc_nano.a(libc_a-gdtoa-hexnan.o)
                0x080122b0                __hexnan
 .text.__ascii_mbtowc
                0x080123ea       0x24 D:/Work/STM32CubeIDE_2.1.1/STM32CubeIDE/plugins/com.st.stm32cube.ide.mcu.externaltools.gnu-tools-for-stm32.14.3.rel1.win32_1.0.100.202602081740/tools/bin/../lib/gcc/arm-none-eabi/14.3.1/../../../../arm-none-eabi/lib/thumb/v7e-m+fp/hard\libc_nano.a(libc_a-mbtowc_r.o)
                0x080123ea                __ascii_mbtowc
 .text._realloc_r
                0x0801240e       0x5c D:/Work/STM32CubeIDE_2.1.1/STM32CubeIDE/plugins/com.st.stm32cube.ide.mcu.externaltools.gnu-tools-for-stm32.14.3.rel1.win32_1.0.100.202602081740/tools/bin/../lib/gcc/arm-none-eabi/14.3.1/../../../../arm-none-eabi/lib/thumb/v7e-m+fp/hard\libc_nano.a(libc_a-reallocr.o)
                0x0801240e                _realloc_r
 .text.__ascii_wctomb
                0x0801246a       0x1a D:/Work/STM32CubeIDE_2.1.1/STM32CubeIDE/plugins/com.st.stm32cube.ide.mcu.externaltools.gnu-tools-for-stm32.14.3.rel1.win32_1.0.100.202602081740/tools/bin/../lib/gcc/arm-none-eabi/14.3.1/../../../../arm-none-eabi/lib/thumb/v7e-m+fp/hard\libc_nano.a(libc_a-wctomb_r.o)
                0x0801246a                __ascii_wctomb
 .text.fprintf  0x08012484       0x24 D:/Work/STM32CubeIDE_2.1.1/STM32CubeIDE/plugins/com.st.stm32cube.ide.mcu.externaltools.gnu-tools-for-stm32.14.3.rel1.win32_1.0.100.202602081740/tools/bin/../lib/gcc/arm-none-eabi/14.3.1/../../../../arm-none-eabi/lib/thumb/v7e-m+fp/hard\libc_nano.a(libc_a-fprintf.o)
                0x08012484                fiprintf
                0x08012484                fprintf
 .text.__swhatbuf_r
                0x080124a8       0x48 D:/Work/STM32CubeIDE_2.1.1/STM32CubeIDE/plugins/com.st.stm32cube.ide.mcu.externaltools.gnu-tools-for-stm32.14.3.rel1.win32_1.0.100.202602081740/tools/bin/../lib/gcc/arm-none-eabi/14.3.1/../../../../arm-none-eabi/lib/thumb/v7e-m+fp/hard\libc_nano.a(libc_a-makebuf.o)
                0x080124a8                __swhatbuf_r
 .text.__smakebuf_r
                0x080124f0       0x72 D:/Work/STM32CubeIDE_2.1.1/STM32CubeIDE/plugins/com.st.stm32cube.ide.mcu.externaltools.gnu-tools-for-stm32.14.3.rel1.win32_1.0.100.202602081740/tools/bin/../lib/gcc/arm-none-eabi/14.3.1/../../../../arm-none-eabi/lib/thumb/v7e-m+fp/hard\libc_nano.a(libc_a-makebuf.o)
                0x080124f0                __smakebuf_r
 *fill*         0x08012562        0x2 
 .text._fstat_r
                0x08012564       0x24 D:/Work/STM32CubeIDE_2.1.1/STM32CubeIDE/plugins/com.st.stm32cube.ide.mcu.externaltools.gnu-tools-for-stm32.14.3.rel1.win32_1.0.100.202602081740/tools/bin/../lib/gcc/arm-none-eabi/14.3.1/../../../../arm-none-eabi/lib/thumb/v7e-m+fp/hard\libc_nano.a(libc_a-fstatr.o)
                0x08012564                _fstat_r
 .text._isatty_r
                0x08012588       0x20 D:/Work/STM32CubeIDE_2.1.1/STM32CubeIDE/plugins/com.st.stm32cube.ide.mcu.externaltools.gnu-tools-for-stm32.14.3.rel1.win32_1.0.100.202602081740/tools/bin/../lib/gcc/arm-none-eabi/14.3.1/../../../../arm-none-eabi/lib/thumb/v7e-m+fp/hard\libc_nano.a(libc_a-isattyr.o)
                0x08012588                _isatty_r
 .text.abort    0x080125a8        0xe D:/Work/STM32CubeIDE_2.1.1/STM32CubeIDE/plugins/com.st.stm32cube.ide.mcu.externaltools.gnu-tools-for-stm32.14.3.rel1.win32_1.0.100.202602081740/tools/bin/../lib/gcc/arm-none-eabi/14.3.1/../../../../arm-none-eabi/lib/thumb/v7e-m+fp/hard\libc_nano.a(libc_a-abort.o)
                0x080125a8                abort
 .text._malloc_usable_size_r
                0x080125b6       0x10 D:/Work/STM32CubeIDE_2.1.1/STM32CubeIDE/plugins/com.st.stm32cube.ide.mcu.externaltools.gnu-tools-for-stm32.14.3.rel1.win32_1.0.100.202602081740/tools/bin/../lib/gcc/arm-none-eabi/14.3.1/../../../../arm-none-eabi/lib/thumb/v7e-m+fp/hard\libc_nano.a(libc_a-msizer.o)
                0x080125b6                _malloc_usable_size_r
 .text._raise_r
                0x080125c6       0x50 D:/Work/STM32CubeIDE_2.1.1/STM32CubeIDE/plugins/com.st.stm32cube.ide.mcu.externaltools.gnu-tools-for-stm32.14.3.rel1.win32_1.0.100.202602081740/tools/bin/../lib/gcc/arm-none-eabi/14.3.1/../../../../arm-none-eabi/lib/thumb/v7e-m+fp/hard\libc_nano.a(libc_a-signal.o)
                0x080125c6                _raise_r
 *fill*         0x08012616        0x2 